
> brilliant-quest@1.0.0 test
> vitest run


[1m[46m RUN [49m[22m [36mv3.2.4 [39m[90mC:/Users/clyde/Desktop/brilliant-quest[39m

node.exe : [90mstderr[2m | src/test/game-flow.test.tsx[2m > [22m[2mGame 
Flow End-to-End Tests[2m > [22m[2mDesktop - Welcome Screen[2m > 
[22m[2mrenders welcome screen with all UI elements
At line:1 char:1
+ & "C:\Program Files\nodejs/node.exe" "C:\Program Files\nodejs/node_mo ...
+ ~~~~~~~~~~~~~~~~~~~~~~~~~~~~~~~~~~~~~~~~~~~~~~~~~~~~~~~~~~~~~~~~~~~~~
    + CategoryInfo          : NotSpecified: ([90mstderr[2m...all UI elements 
   :String) [], RemoteException
    + FullyQualifiedErrorId : NativeCommandError
 
[22m[39mΓÜá∩╕Å React Router Future Flag Warning: React Router will begin 
wrapping state updates in `React.startTransition` in v7. You can use the 
`v7_startTransition` future flag to opt-in early. For more information, see 
https://reactrouter.com/v6/upgrading/future#v7_starttransition.
ΓÜá∩╕Å React Router Future Flag Warning: Relative route resolution within 
Splat routes is changing in v7. You can use the `v7_relativeSplatPath` future 
flag to opt-in early. For more information, see 
https://reactrouter.com/v6/upgrading/future#v7_relativesplatpath.

[90mstderr[2m | src/test/game-flow.test.tsx[2m > [22m[2mGame Flow 
End-to-End Tests[2m > [22m[2mDesktop - Level Map Screen[2m > 
[22m[2mdisplays level map with zones and levels
[22m[39mWarning: An update to SplashScreen inside a test was not wrapped in 
act(...).

When testing, code that causes React state updates should be wrapped into 
act(...):

act(() => {
  /* fire events that update state */
});
/* assert on the output */

This ensures that you're testing the behavior the user would see in the 
browser. Learn more at https://reactjs.org/link/wrap-tests-with-act
    at SplashScreen 
(C:\Users\clyde\Desktop\brilliant-quest\src\screens\SplashScreen.tsx:5:25)
    at GameRouter 
(C:\Users\clyde\Desktop\brilliant-quest\src\pages\Index.tsx:24:45)
    at GameProvider 
(C:\Users\clyde\Desktop\brilliant-quest\src\game\GameContext.tsx:103:25)
    at Index
    at Router (C:\Users\clyde\Desktop\brilliant-quest\node_modules\react-router
\dist\umd\react-router.development.js:1207:17)
    at MemoryRouter (C:\Users\clyde\Desktop\brilliant-quest\node_modules\react-
router\dist\umd\react-router.development.js:1101:7)
    at Provider (file:///C:/Users/clyde/Desktop/brilliant-quest/node_modules/@r
adix-ui/react-context/dist/index.mjs:27:15)
    at TooltipProvider (file:///C:/Users/clyde/Desktop/brilliant-quest/node_mod
ules/@radix-ui/react-tooltip/dist/index.mjs:29:5)
    at QueryClientProvider (file:///C:/Users/clyde/Desktop/brilliant-quest/node
_modules/@tanstack/react-query/build/modern/QueryClientProvider.js:20:3)
    at ErrorBoundary 
(C:\Users\clyde\Desktop\brilliant-quest\src\components\ErrorBoundary.tsx:174:5)
    at AppTestWrapper

[90mstderr[2m | src/test/game-flow.test.tsx[2m > [22m[2mGame Flow 
End-to-End Tests[2m > [22m[2mDesktop - Level Map Screen[2m > 
[22m[2mallows selecting and starting level 1
[22m[39mWarning: An update to SplashScreen inside a test was not wrapped in 
act(...).

When testing, code that causes React state updates should be wrapped into 
act(...):

act(() => {
  /* fire events that update state */
});
/* assert on the output */

This ensures that you're testing the behavior the user would see in the 
browser. Learn more at https://reactjs.org/link/wrap-tests-with-act
    at SplashScreen 
(C:\Users\clyde\Desktop\brilliant-quest\src\screens\SplashScreen.tsx:5:25)
    at GameRouter 
(C:\Users\clyde\Desktop\brilliant-quest\src\pages\Index.tsx:24:45)
    at GameProvider 
(C:\Users\clyde\Desktop\brilliant-quest\src\game\GameContext.tsx:103:25)
    at Index
    at Router (C:\Users\clyde\Desktop\brilliant-quest\node_modules\react-router
\dist\umd\react-router.development.js:1207:17)
    at MemoryRouter (C:\Users\clyde\Desktop\brilliant-quest\node_modules\react-
router\dist\umd\react-router.development.js:1101:7)
    at Provider (file:///C:/Users/clyde/Desktop/brilliant-quest/node_modules/@r
adix-ui/react-context/dist/index.mjs:27:15)
    at TooltipProvider (file:///C:/Users/clyde/Desktop/brilliant-quest/node_mod
ules/@radix-ui/react-tooltip/dist/index.mjs:29:5)
    at QueryClientProvider (file:///C:/Users/clyde/Desktop/brilliant-quest/node
_modules/@tanstack/react-query/build/modern/QueryClientProvider.js:20:3)
    at ErrorBoundary 
(C:\Users\clyde\Desktop\brilliant-quest\src\components\ErrorBoundary.tsx:174:5)
    at AppTestWrapper

[90mstderr[2m | src/test/game-flow.test.tsx[2m > [22m[2mGame Flow 
End-to-End Tests[2m > [22m[2mMobile View Responsiveness[2m > 
[22m[2mdisplays welcome screen correctly on mobile
[22m[39mWarning: An update to SplashScreen inside a test was not wrapped in 
act(...).

When testing, code that causes React state updates should be wrapped into 
act(...):

act(() => {
  /* fire events that update state */
});
/* assert on the output */

This ensures that you're testing the behavior the user would see in the 
browser. Learn more at https://reactjs.org/link/wrap-tests-with-act
    at SplashScreen 
(C:\Users\clyde\Desktop\brilliant-quest\src\screens\SplashScreen.tsx:5:25)
    at GameRouter 
(C:\Users\clyde\Desktop\brilliant-quest\src\pages\Index.tsx:24:45)
    at GameProvider 
(C:\Users\clyde\Desktop\brilliant-quest\src\game\GameContext.tsx:103:25)
    at Index
    at Router (C:\Users\clyde\Desktop\brilliant-quest\node_modules\react-router
\dist\umd\react-router.development.js:1207:17)
    at MemoryRouter (C:\Users\clyde\Desktop\brilliant-quest\node_modules\react-
router\dist\umd\react-router.development.js:1101:7)
    at Provider (file:///C:/Users/clyde/Desktop/brilliant-quest/node_modules/@r
adix-ui/react-context/dist/index.mjs:27:15)
    at TooltipProvider (file:///C:/Users/clyde/Desktop/brilliant-quest/node_mod
ules/@radix-ui/react-tooltip/dist/index.mjs:29:5)
    at QueryClientProvider (file:///C:/Users/clyde/Desktop/brilliant-quest/node
_modules/@tanstack/react-query/build/modern/QueryClientProvider.js:20:3)
    at ErrorBoundary 
(C:\Users\clyde\Desktop\brilliant-quest\src\components\ErrorBoundary.tsx:174:5)
    at AppTestWrapper

[90mstderr[2m | src/test/game-flow.test.tsx[2m > [22m[2mGame Flow 
End-to-End Tests[2m > [22m[2mMobile View Responsiveness[2m > 
[22m[2mdisplays welcome screen correctly on mobile
[22m[39mWarning: An update to SplashScreen inside a test was not wrapped in 
act(...).

When testing, code that causes React state updates should be wrapped into 
act(...):

act(() => {
  /* fire events that update state */
});
/* assert on the output */

This ensures that you're testing the behavior the user would see in the 
browser. Learn more at https://reactjs.org/link/wrap-tests-with-act
    at SplashScreen 
(C:\Users\clyde\Desktop\brilliant-quest\src\screens\SplashScreen.tsx:5:25)
    at GameRouter 
(C:\Users\clyde\Desktop\brilliant-quest\src\pages\Index.tsx:24:45)
    at GameProvider 
(C:\Users\clyde\Desktop\brilliant-quest\src\game\GameContext.tsx:103:25)
    at Index
    at Router (C:\Users\clyde\Desktop\brilliant-quest\node_modules\react-router
\dist\umd\react-router.development.js:1207:17)
    at MemoryRouter (C:\Users\clyde\Desktop\brilliant-quest\node_modules\react-
router\dist\umd\react-router.development.js:1101:7)
    at Provider (file:///C:/Users/clyde/Desktop/brilliant-quest/node_modules/@r
adix-ui/react-context/dist/index.mjs:27:15)
    at TooltipProvider (file:///C:/Users/clyde/Desktop/brilliant-quest/node_mod
ules/@radix-ui/react-tooltip/dist/index.mjs:29:5)
    at QueryClientProvider (file:///C:/Users/clyde/Desktop/brilliant-quest/node
_modules/@tanstack/react-query/build/modern/QueryClientProvider.js:20:3)
    at ErrorBoundary 
(C:\Users\clyde\Desktop\brilliant-quest\src\components\ErrorBoundary.tsx:174:5)
    at AppTestWrapper

[90mstderr[2m | src/test/game-flow.test.tsx[2m > [22m[2mGame Flow 
End-to-End Tests[2m > [22m[2mMobile View Responsiveness[2m > 
[22m[2mdisplays welcome screen correctly on mobile
[22m[39mWarning: An update to GameRouter inside a test was not wrapped in 
act(...).

When testing, code that causes React state updates should be wrapped into 
act(...):

act(() => {
  /* fire events that update state */
});
/* assert on the output */

This ensures that you're testing the behavior the user would see in the 
browser. Learn more at https://reactjs.org/link/wrap-tests-with-act
    at GameRouter 
(C:\Users\clyde\Desktop\brilliant-quest\src\pages\Index.tsx:24:45)
    at GameProvider 
(C:\Users\clyde\Desktop\brilliant-quest\src\game\GameContext.tsx:103:25)
    at Index
    at Router (C:\Users\clyde\Desktop\brilliant-quest\node_modules\react-router
\dist\umd\react-router.development.js:1207:17)
    at MemoryRouter (C:\Users\clyde\Desktop\brilliant-quest\node_modules\react-
router\dist\umd\react-router.development.js:1101:7)
    at Provider (file:///C:/Users/clyde/Desktop/brilliant-quest/node_modules/@r
adix-ui/react-context/dist/index.mjs:27:15)
    at TooltipProvider (file:///C:/Users/clyde/Desktop/brilliant-quest/node_mod
ules/@radix-ui/react-tooltip/dist/index.mjs:29:5)
    at QueryClientProvider (file:///C:/Users/clyde/Desktop/brilliant-quest/node
_modules/@tanstack/react-query/build/modern/QueryClientProvider.js:20:3)
    at ErrorBoundary 
(C:\Users\clyde\Desktop\brilliant-quest\src\components\ErrorBoundary.tsx:174:5)
    at AppTestWrapper

 [31mΓ¥»[39m src/test/game-flow.test.tsx [2m([22m[2m17 tests[22m[2m | [22m[31m3 failed[39m[2m)[22m[33m 20913[2mms[22m[39m
[31m   [31m├ù[31m Game Flow End-to-End Tests[2m > [22mDesktop - Welcome Screen[2m > [22mrenders welcome screen with all UI elements[39m[33m 3503[2mms[22m[39m
[31m     ΓåÆ Unable to find an element with the text: Think in Code. Play for Real.. This could be because the text is broken up by multiple elements. In this case, you can provide a function for your text matcher to make your matcher more flexible.

Ignored nodes: comments, script, style
[36m<body>[31m
  [36m<div>[31m
    [36m<div[31m
      [33maria-label[31m=[32m"Notifications (F8)"[31m
      [33mrole[31m=[32m"region"[31m
      [33mstyle[31m=[32m"pointer-events: none;"[31m
      [33mtabindex[31m=[32m"-1"[31m
    [36m>[31m
      [36m<ol[31m
        [33mclass[31m=[32m"fixed top-0 z-[100] flex max-h-screen w-full flex-col-reverse p-4 sm:bottom-0 sm:right-0 sm:top-auto sm:flex-col md:max-w-[420px]"[31m
        [33mtabindex[31m=[32m"-1"[31m
      [36m/>[31m
    [36m</div>[31m
    [36m<section[31m
      [33maria-atomic[31m=[32m"false"[31m
      [33maria-label[31m=[32m"Notifications alt+T"[31m
      [33maria-live[31m=[32m"polite"[31m
      [33maria-relevant[31m=[32m"additions text"[31m
      [33mtabindex[31m=[32m"-1"[31m
    [36m/>[31m
    [36m<div[31m
      [33mclass[31m=[32m"min-h-screen"[31m
    [36m>[31m
      [36m<div[31m
        [33mclass[31m=[32m"min-h-screen flex flex-col items-center justify-center px-4"[31m
      [36m>[31m
        [36m<div[31m
          [33mclass[31m=[32m"animate-fade-in-up"[31m
          [33mstyle[31m=[32m"animation-delay: 0ms;"[31m
        [36m>[31m
          [36m<svg[31m
            [33mclass[31m=[32m"mx-auto mb-4"[31m
            [33mheight[31m=[32m"48"[31m
            [33mviewBox[31m=[32m"0 0 48 48"[31m
            [33mwidth[31m=[32m"48"[31m
          [36m>[31m
            [36m<circle[31m
              [33mcx[31m=[32m"12"[31m
              [33mcy[31m=[32m"12"[31m
              [33mfill[31m=[32m"hsl(217, 91%, 60%)"[31m
              [33mr[31m=[32m"3.5"[31m
            [36m/>[31m
            [36m<circle[31m
              [33mcx[31m=[32m"24"[31m
              [33mcy[31m=[32m"12"[31m
              [33mfill[31m=[32m"hsl(217, 91%, 60%)"[31m
              [33mr[31m=[32m"3.5"[31m
            [36m/>[31m
            [36m<circle[31m
              [33mcx[31m=[32m"36"[31m
              [33mcy[31m=[32m"12"[31m
              [33mfill[31m=[32m"hsl(217, 91%, 60%)"[31m
              [33mr[31m=[32m"3.5"[31m
            [36m/>[31m
            [36m<circle[31m
              [33mcx[31m=[32m"12"[31m
              [33mcy[31m=[32m"24"[31m
              [33mfill[31m=[32m"hsl(217, 91%, 60%)"[31m
              [33mr[31m=[32m"3.5"[31m
            [36m/>[31m
            [36m<circle[31m
              [33mcx[31m=[32m"24"[31m
              [33mcy[31m=[32m"24"[31m
              [33mfill[31m=[32m"hsl(217, 91%, 60%)"[31m
              [33mr[31m=[32m"3.5"[31m
            [36m/>[31m
            [36m<circle[31m
              [33mcx[31m=[32m"36"[31m
              [33mcy[31m=[32m"24"[31m
              [33mfill[31m=[32m"hsl(217, 91%, 60%)"[31m
              [33mr[31m=[32m"3.5"[31m
            [36m/>[31m
            [36m<circle[31m
              [33mcx[31m=[32m"12"[31m
              [33mcy[31m=[32m"36"[31m
              [33mfill[31m=[32m"hsl(217, 91%, 60%)"[31m
              [33mr[31m=[32m"3.5"[31m
            [36m/>[31m
            [36m<circle[31m
              [33mcx[31m=[32m"24"[31m
              [33mcy[31m=[32m"36"[31m
              [33mfill[31m=[32m"hsl(217, 91%, 60%)"[31m
              [33mr[31m=[32m"3.5"[31m
            [36m/>[31m
            [36m<circle[31m
              [33mcx[31m=[32m"36"[31m
              [33mcy[31m=[32m"36"[31m
              [33mfill[31m=[32m"hsl(217, 91%, 60%)"[31m
              [33mr[31m=[32m"3.5"[31m
            [36m/>[31m
          [36m</svg>[31m
        [36m</div>[31m
        [36m<h1[31m
          [33mclass[31m=[32m"text-[2.4rem] font-extrabold animate-fade-in-up"[31m
          [33mstyle[31m=[32m"animation-delay: 100ms; color: rgb(29, 29, 29);"[31m
        [36m>[31m
          [0mBrilliant OS[0m
        [36m</h1>[31m
        [36m<p[31m
          [33mclass[31m=[32m"text-lg mt-1 animate-fade-in-up"[31m
          [33mstyle[31m=[32m"animation-delay: 200ms; color: rgb(101, 101, 101);"[31m
        [36m>[31m
          [0mCode. Solve. Level Up.[0m
        [36m</p>[31m
        [36m<div[31m
          [33mclass[31m=[32m"my-8 animate-fade-in-up"[31m
          [33mstyle[31m=[32m"animation-delay: 300ms;"[31m
        [36m>[31m
          [36m<svg[31m
            [33mheight[31m=[32m"160"[31m
            [33mviewBox[31m=[32m"0 0 180 160"[31m
            [33mwidth[31m=[32m"180"[31m
          [36m>[31m
            [36m<rect[31m
              [33mfill[31m=[32m"hsl(168, 76%, 90%)"[31m
              [33mheight[31m=[32m"30"[31m
              [33mrx[31m=[32m"4"[31m
              [33mstroke[31m=[32m"hsl(214, 32%, 91%)"[31m
              [33mstroke-width[31m=[32m"1"[31m
              [33mwidth[31m=[32m"30"[31m
              [33mx[31m=[32m"30"[31m
              [33my[31m=[32m"110"[31m
            [36m/>[31m
            [36m<rect[31m
              [33mfill[31m=[32m"white"[31m
              [33mheight[31m=[32m"30"[31m
              [33mrx[31m=[32m"4"[31m
              [33mstroke[31m=[32m"hsl(214, 32%, 91%)"[31m
              [33mstroke-width[31m=[32m"1"[31m
              [33mwidth[31m=[32m"30"[31m
              [33mx[31m=[32m"62"[31m
              [33my[31m=[32m"110"[31m
            [36m/>[31m
            [36m<rect[31m
              [33mfill[31m=[32m"hsl(168, 76%, 90%)"[31m
              [33mheight[31m=[32m"30"[31m
              [33mrx[31m=[32m"4"[31m
              [33mstroke[31m=[32m"hsl(214, 32%, 91%)"[31m
              [33mstroke-width[31m=[32m"1"[31m
              [33mwidth[31m=[32m"30"[31m
              [33mx[31m=[32m"94"[31m
              [33my[31m=[32m"110"[31m
            [36m/>[31m
            [36m<rect[31m
              [33mfill[31m=[32m"white"[31m
              [33mheight[31m=[32m"30"[31m
              [33mrx[31m=[32m"4"[31m
              [33mstroke[31m=[32m"hsl(214, 32%, 91%)"[31m
              [33mstroke-width[31m=[32m"1"[31m
              [33mwidth[31m=[32m"30"[31m
              [33mx[31m=[32m"126"[31m
              [33my[31m=[32m"110"[31m
            [36m/>[31m
            [36m<rect[31m
              [33mfill[31m=[32m"hsl(217, 91%, 60%)"[31m
              [33mheight[31m=[32m"70"[31m
              [33mrx[31m=[32m"12"[31m
              [33mwidth[31m=[32m"56"[31m
              [33mx[31m=[32m"62"[31m
              [33my[31m=[32m"30"[31m
            [36m/>[31m
            [36m<line[31m
              [33mstroke[31m=[32m"hsl(217, 91%, 60%)"[31m
              [33mstroke-width[31m=[32m"3"[31m
              [33mx1[31m=[32m"90"[31m
              [33mx2[31m=[32m"90"[31m
              [33my1[31m=[32m"12"[31m
              [33my2[31m=[32m"30"[31m
            [36m/>[31m
            [36m<circle[31m
              [33mcx[31m=[32m"90"[31m
              [33mcy[31m=[32m"10"[31m
              [33mfill[31m=[32m"hsl(43, 96%, 56%)"[31m
              [33mr[31m=[32m"5"[31m
            [36m/>[31m
            [36m<circle[31m
              [33mcx[31m=[32m"78"[31m
              [33mcy[31m=[32m"55"[31m
              [33mfill[31m=[32m"white"[31m
              [33mr[31m=[32m"8"[31m
            [36m/>[31m
            [36m<circle[31m
              [33mcx[31m=[32m"102"[31m
              [33mcy[31m=[32m"55"[31m
              [33mfill[31m=[32m"white"[31m
              [33mr[31m=[32m"8"[31m
            [36m/>[31m
            [36m<circle[31m
              [33mcx[31m=[32m"78"[31m
              [33mcy[31m=[32m"55"[31m
              [33mfill[31m=[32m"hsl(217, 33%, 17%)"[31m
              [33mr[31m=[32m"4"[31m
            [36m/>[31m
            [36m<circle[31m
              [33mcx[31m=[32m"102"[31m
              [33mcy[31m=[32m"55"[31m
              [33mfill[31m=[32m"hsl(217, 33%, 17%)"[31m
              [33mr[31m=[32m"4"[31m
            [36m/>[31m
            [36m<path[31m
              [33md[31m=[32m"M78 72 Q90 82 102 72"[31m
              [33mfill[31m=[32m"none"[31m
              [33mstroke[31m=[32m"white"[31m
              [33mstroke-linecap[31m=[32m"round"[31m
              [33mstroke-width[31m=[32m"3"[31m
            [36m/>[31m
            [36m<rect[31m
              [33mfill[31m=[32m"hsl(217, 91%, 60%)"[31m
              [33mheight[31m=[32m"8"[31m
              [33mrx[31m=[32m"4"[31m
              [33mwidth[31m=[32m"16"[31m
              [33mx[31m=[32m"46"[31m
              [33my[31m=[32m"50"[31m
            [36m/>[31m
            [36m<rect[31m
              [33mfill[31m=[32m"hsl(217, 91%, 60%)"[31m
              [33mheight[31m=[32m"8"[31m
              [33mrx[31m=[32m"4"[31m
              [33mwidth[31m=[32m"16"[31m
              [33mx[31m=[32m"118"[31m
              [33my[31m=[32m"50"[31m
            [36m/>[31m
            [36m<rect[31m
              [33mfill[31m=[32m"hsl(217, 91%, 60%)"[31m
              [33mheight[31m=[32m"14"[31m
              [33mrx[31m=[32m"4"[31m
              [33mwidth[31m=[32m"10"[31m
              [33mx[31m=[32m"72"[31m
              [33my[31m=[32m"100"[31m
            [36m/>[31m
            [36m<rect[31m
              [33mfill[31m=[32m"hsl(217, 91%, 60%)"[31m
              [33mheight[31m=[32m"14"[31m
              [33mrx[31m=[32m"4"[31m
              [33mwidth[31m=[32m"10"[31m
              [33mx[31m=[32m"98"[31m
              [33my[31m=[32m"100"[31m
            [36m/>[31m
          [36m</svg>[31m
        [36m</div>[31m
        [36m<div[31m
          [33mclass[31m=[32m"flex gap-3 mb-8 animate-fade-in-up flex-wrap justify-center"[31m
          [33mstyle[31m=[32m"animation-delay: 400ms;"[31m
        [36m>[31m
          [36m<span[31m
            [33mclass[31m=[32m"flex items-center gap-1.5 px-3 py-1.5 rounded-full text-sm"[31m
            [33mstyle[31m=[32m"background: rgb(238, 238, 238); color: rgb(101, 101, 101);"[31m
          [36m>[31m
            [36m<svg[31m
              [33mfill[31m=[32m"none"[31m
              [33mheight[31m=[32m"14"[31m
              [33mstroke[31m=[32m"hsl(215, 16%, 47%)"[31m
              [33mstroke-linecap[31m=[32m"round"[31m
              [33mstroke-width[31m=[32m"1.5"[31m
              [33mviewBox[31m=[32m"0 0 24 24"[31m
              [33mwidth[31m=[32m"14"[31m
            [36m>[31m
              [36m<path[31m
                [33md[31m=[32m"M3 3v18h18"[31m
              [36m/>[31m
              [36m<path[31m
                [33md[31m=[32m"M7 16l4-4 4 4 5-5"[31m
              [36m/>[31m
            [36m</svg>[31m
            [0m [0m
            [0m50 Levels[0m
          [36m</span>[31m
          [36m<span[31m
            [33mclass[31m=[32m"flex items-center gap-1.5 px-3 py-1.5 rounded-full text-sm"[31m
            [33mstyle[31m=[32m"background: rgb(238, 238, 238); color: rgb(101, 101, 101);"[31m
          [36m>[31m
            [36m<svg[31m
              [33mfill[31m=[32m"hsl(215, 16%, 47%)"[31m
              [33mheight[31m=[32m"14"[31m
              [33mviewBox[31m=[32m"0 0 24 24"[31m
              [33mwidth[31m=[32m"14"[31m
            [36m>[31m
              [36m<polygon[31m
                [33mpoints[31m=[32m"13 2 3 14 12 14 11 22 21 10 12 10 13 2"[31m
              [36m/>[31m
            [36m</svg>[31m
            [0m [0m
            [0mReal Code Logic[0m
          [36m</span>[31m
          [36m<span[31m
            [33mclass[31m=[32m"flex items-center gap-1.5 px-3 py-1.5 rounded-full text-sm"[31m
            [33mstyle[31m=[32m"background: rgb(238, 238, 238); color: rgb(101, 101, 101);"[31m
          [36m>[31m
            [36m<svg[31m
              [33mfill[31m=[32m"none"[31m
              [33mheight[31m=[32m"14"[31m
              [33mstroke[31m=[32m"hsl(215, 16%, 47%)"[31m
              [33mstroke-linecap[31m=[32m"round"[31m
              [33mstroke-linejoin[31m=[32m"round"[31m
              [33mstroke-width[31m=[32m"1.5"[31m
              [33mviewBox[31m=[32m"0 0 24 24"[31m
              [33mwidth[31m=[32m"14"[31m
            [36m>[31m
              [36m<path[31m
                [33md[31m=[32m"M6 9H4.5a2.5 2.5 0 010-5H6"[31m
              [36m/>[31m
              [36m<path[31m
                [33md[31m=[32m"M18 9h1.5a2.5 2.5 0 000-5H18"[31m
              [36m/>[31m
              [36m<path[31m
                [33md[31m=[32m"M4 22h16"[31m
              [36m/>[31m
              [36m<path[31m
                [33md[31m=[32m"M10 14.66V17c0 .55-.47.98-.97 1.21C7.85 18.75 7 20 7 22h10c0-2-0.85-3.25-2.03-3.79A1.09 1.09 0 0114 17v-2.34"[31m
              [36m/>[31m
              [36m<path[31m
                [33md[31m=[32m"M18 2H6v7a6 6 0 1012 0V2z"[31m
              [36m/>[31m
            [36m</svg>[31m
            [0m [0m
            [0mCompete & Win[0m
          [36m</span>[31m
        [36m</div>[31m
        [36m<div[31m
          [33mclass[31m=[32m"flex flex-col gap-3 w-full max-w-[320px] animate-fade-in-up"[31m
          [33mstyle[31m=[32m"animation-delay: 500ms;"[31m
        [36m>[31m
          [36m<button[31m
            [33mclass[31m=[32m"btn-primary text-base"[31m
          [36m>[31m
            [0mGet Started[0m
          [36m</button>[31m
          [36m<button[31m
            [33mclass[31m=[32m"btn-secondary text-base"[31m
          [36m>[31m
            [0mPractice Mode[0m
          [36m</button>[31m
          [36m<button[31m
            [33mclass[31m=[32m"btn-secondary text-base"[31m
          [36m>[31m
            [0mLevel Map[0m
          [36m</button>[31m
          [36m<button[31m
            [33mclass[31m=[32m"btn-secondary text-base flex items-center justify-center gap-2"[31m
            [33mstyle[31m=[32m"font-size: 0.9rem;"[31m
          [36m>[31m
            [36m<svg[31m
              [33mfill[31m=[32m"none"[31m
              [33mheight[31m=[32m"16"[31m
              [33mstroke[31m=[32m"hsl(217, 91%, 60%)"[31m
              [33mstroke-linecap[31m=[32m"round"[31m
              [33mstroke-linejoin[31m=[32m"round"[31m
              [33mstroke-width[31m=[32m"1.5"[31m
              [33mviewBox[31m=[32m"0 0 24 24"[31m
              [33mwidth[31m=[32m"16"[31m
            [36m>[31m
              [36m<circle[31m
                [33mcx[31m=[32m"12"[31m
                [33mcy[31m=[32m"12"[31m
                [33mr[31m=[32m"10"[31m
              [36m/>[31m
              [36m<line[31m
                [33mx1[31m=[32m"12"[31m
                [33mx2[31m=[32m"12"[31m
                [33my1[31m=[32m"16"[31m
                [33my2[31m=[32m"12"[31m
              [36m/>[31m
              [36m<line[31m
                [33mx1[31m=[32m"12"[31m
                [33mx2[31m=[32m"12.01"[31m
                [33my1[31m=[32m"8"[31m
                [33my2[31m=[32m"8"[31m
              [36m/>[31m
            [36m</svg>[31m
            [0mAbout & Learn More[0m
          [36m</button>[31m
        [36m</div>[31m
        [36m<p[31m
          [33mclass[31m=[32m"mt-6 flex items-center gap-1 text-xs"[31m
          [33mstyle[31m=[32m"color: rgb(101, 101, 101);"[31m
        [36m>[31m
          [36m<svg[31m
            [33mfill[31m=[32m"none"[31m
            [33mheight[31m=[32m"14"[31m
            [33mstroke[31m=[32m"hsl(215, 16%, 47%)"[31m
            [33mstroke-linecap[31m=[32m"round"[31m
            [33mstroke-linejoin[31m=[32m"round"[31m
            [33mstroke-width[31m=[32m"1.5"[31m
            [33mviewBox[31m=[32m"0 0 24 24"[31m
            [33mwidth[31m=[32m"14"[31m
          [36m>[31m
            [36m<rect[31m
              [33mheight[31m=[32m"11"[31m
              [33mrx[31m=[32m"2"[31m
              [33mwidth[31m=[32m"18"[31m
              [33mx[31m=[32m"3"[31m
              [33my[31m=[32m"11"[31m
            [36m/>[31m
            [36m<path[31m
              [33md[31m=[32m"M7 11V7a5 5 0 0110 0v4"[31m
            [36m/>[31m
          [36m</svg>[31m
          [0mProgress auto-saved locally[0m
        [36m</p>[31m
      [36m</div>[31m
    [36m</div>[31m
    [36m<button[31m
      [33mclass[31m=[32m"fixed bottom-6 right-6 z-40 flex items-center gap-2 px-4 py-3 rounded-full font-bold text-sm transition-all duration-200 hover:scale-105"[31m
      [33mstyle[31m=[32m"background: rgb(60, 60, 60); color: white; box-shadow: 0 4px 20px rgba(59,130,246,0.35); font-family: Nunito, sans-serif;"[31m
    [36m>[31m
      [36m<svg[31m
        [33mfill[31m=[32m"none"[31m
        [33mheight[31m=[32m"18"[31m
        [33mstroke[31m=[32m"white"[31m
        [33mstroke-linecap[31m=[32m"round"[31m
        [33mstroke-linejoin[31m=[32m"round"[31m
        [33mstroke-width[31m=[32m"1.5"[31m
        [33mviewBox[31m=[32m"0 0 24 24"[31m
        [33mwidth[31m=[32m"18"[31m
      [36m>[31m
        [36m<rect[31m
          [33mheight[31m=[32m"16"[31m
          [33mrx[31m=[32m"2"[31m
          [33mwidth[31m=[32m"20"[31m
          [33mx[31m=[32m"2"[31m
          [33my[31m=[32m"4"[31m
        [36m/>[31m
        [36m<path[31m
          [33md[31m=[32m"M22 7l-8.97 5.7a1.94 1.94 0 01-2.06 0L2 7"[31m
        [36m/>[31m
      [36m</svg>[31m
      [0mFeedback[0m
    [36m</button>[31m
  [36m</div>[31m
[36m</body>[31m

Ignored nodes: comments, script, style
[36m<html>[31m
  [36m<head />[31m
  [36m<body>[31m
    [36m<div>[31m
      [36m<div[31m
        [33maria-label[31m=[32m"Notifications (F8)"[31m
        [33mrole[31m=[32m"region"[31m
        [33mstyle[31m=[32m"pointer-events: none;"[31m
        [33mtabindex[31m=[32m"-1"[31m
      [36m>[31m
        [36m<ol[31m
          [33mclass[31m=[32m"fixed top-0 z-[100] flex max-h-screen w-full flex-col-reverse p-4 sm:bottom-0 sm:right-0 sm:top-auto sm:flex-col md:max-w-[420px]"[31m
          [33mtabindex[31m=[32m"-1"[31m
        [36m/>[31m
      [36m</div>[31m
      [36m<section[31m
        [33maria-atomic[31m=[32m"false"[31m
        [33maria-label[31m=[32m"Notifications alt+T"[31m
        [33maria-live[31m=[32m"polite"[31m
        [33maria-relevant[31m=[32m"additions text"[31m
        [33mtabindex[31m=[32m"-1"[31m
      [36m/>[31m
      [36m<div[31m
        [33mclass[31m=[32m"min-h-screen"[31m
      [36m>[31m
        [36m<div[31m
          [33mclass[31m=[32m"min-h-screen flex flex-col items-center justify-center px-4"[31m
        [36m>[31m
          [36m<div[31m
            [33mclass[31m=[32m"animate-fade-in-up"[31m
            [33mstyle[31m=[32m"animation-delay: 0ms;"[31m
          [36m>[31m
            [36m<svg[31m
              [33mclass[31m=[32m"mx-auto mb-4"[31m
              [33mheight[31m=[32m"48"[31m
              [33mviewBox[31m=[32m"0 0 48 48"[31m
              [33mwidth[31m=[32m"48"[31m
            [36m>[31m
              [36m<circle[31m
                [33mcx[31m=[32m"12"[31m
                [33mcy[31m=[32m"12"[31m
                [33mfill[31m=[32m"hsl(217, 91%, 60%)"[31m
                [33mr[31m=[32m"3.5"[31m
              [36m/>[31m
              [36m<circle[31m
                [33mcx[31m=[32m"24"[31m
                [33mcy[31m=[32m"12"[31m
                [33mfill[31m=[32m"hsl(217, 91%, 60%)"[31m
                [33mr[31m=[32m"3.5"[31m
              [36m/>[31m
              [36m<circle[31m
                [33mcx[31m=[32m"36"[31m
                [33mcy[31m=[32m"12"[31m
                [33mfill[31m=[32m"hsl(217, 91%, 60%)"[31m
                [33mr[31m=[32m"3.5"[31m
              [36m/>[31m
              [36m<circle[31m
                [33mcx[31m=[32m"12"[31m
                [33mcy[31m=[32m"24"[31m
                [33mfill[31m=[32m"hsl(217, 91%, 60%)"[31m
                [33mr[31m=[32m"3.5"[31m
              [36m/>[31m
              [36m<circle[31m
                [33mcx[31m=[32m"24"[31m
                [33mcy[31m=[32m"24"[31m
                [33mfill[31m=[32m"hsl(217, 91%, 60%)"[31m
                [33mr[31m=[32m"3.5"[31m
              [36m/>[31m
              [36m<circle[31m
                [33mcx[31m=[32m"36"[31m
                [33mcy[31m=[32m"24"[31m
                [33mfill[31m=[32m"hsl(217, 91%, 60%)"[31m
                [33mr[31m=[32m"3.5"[31m
              [36m/>[31m
              [36m<circle[31m
                [33mcx[31m=[32m"12"[31m
                [33mcy[31m=[32m"36"[31m
                [33mfill[31m=[32m"hsl(217, 91%, 60%)"[31m
                [33mr[31m=[32m"3.5"[31m
              [36m/>[31m
              [36m<circle[31m
                [33mcx[31m=[32m"24"[31m
                [33mcy[31m=[32m"36"[31m
                [33mfill[31m=[32m"hsl(217, 91%, 60%)"[31m
                [33mr[31m=[32m"3.5"[31m
              [36m/>[31m
              [36m<circle[31m
                [33mcx[31m=[32m"36"[31m
                [33mcy[31m=[32m"36"[31m
                [33mfill[31m=[32m"hsl(217, 91%, 60%)"[31m
                [33mr[31m=[32m"3.5"[31m
              [36m/>[31m
            [36m</svg>[31m
          [36m</div>[31m
          [36m<h1[31m
            [33mclass[31m=[32m"text-[2.4rem] font-extrabold animate-fade-in-up"[31m
            [33mstyle[31m=[32m"animation-delay: 100ms; color: rgb(29, 29, 29);"[31m
          [36m>[31m
            [0mBrilliant OS[0m
          [36m</h1>[31m
          [36m<p[31m
            [33mclass[31m=[32m"text-lg mt-1 animate-fade-in-up"[31m
            [33mstyle[31m=[32m"animation-delay: 200ms; color: rgb(101, 101, 101);"[31m
          [36m>[31m
            [0mCode. Solve. Level Up.[0m
          [36m</p>[31m
          [36m<div[31m
            [33mclass[31m=[32m"my-8 animate-fade-in-up"[31m
            [33mstyle[31m=[32m"animation-delay: 300ms;"[31m
          [36m>[31m
            [36m<svg[31m
              [33mheight[31m=[32m"160"[31m
              [33mviewBox[31m=[32m"0 0 180 160"[31m
              [33mwidth[31m=[32m"180"[31m
            [36m>[31m
              [36m<rect[31m
                [33mfill[31m=[32m"hsl(168, 76%, 90%)"[31m
                [33mheight[31m=[32m"30"[31m
                [33mrx[31m=[32m"4"[31m
                [33mstroke[31m=[32m"hsl(214, 32%, 91%)"[31m
                [33mstroke-width[31m=[32m"1"[31m
                [33mwidth[31m=[32m"30"[31m
                [33mx[31m=[32m"30"[31m
                [33my[31m=[32m"110"[31m
              [36m/>[31m
              [36m<rect[31m
                [33mfill[31m=[32m"white"[31m
                [33mheight[31m=[32m"30"[31m
                [33mrx[31m=[32m"4"[31m
                [33mstroke[31m=[32m"hsl(214, 32%, 91%)"[31m
                [33mstroke-width[31m=[32m"1"[31m
                [33mwidth[31m=[32m"30"[31m
                [33mx[31m=[32m"62"[31m
                [33my[31m=[32m"110"[31m
              [36m/>[31m
              [36m<rect[31m
                [33mfill[31m=[32m"hsl(168, 76%, 90%)"[31m
                [33mheight[31m=[32m"30"[31m
                [33mrx[31m=[32m"4"[31m
                [33mstroke[31m=[32m"hsl(214, 32%, 91%)"[31m
                [33mstroke-width[31m=[32m"1"[31m
                [33mwidth[31m=[32m"30"[31m
                [33mx[31m=[32m"94"[31m
                [33my[31m=[32m"110"[31m
              [36m/>[31m
              [36m<rect[31m
                [33mfill[31m=[32m"white"[31m
                [33mheight[31m=[32m"30"[31m
                [33mrx[31m=[32m"4"[31m
                [33mstroke[31m=[32m"hsl(214, 32%, 91%)"[31m
                [33mstroke-width[31m=[32m"1"[31m
                [33mwidth[31m=[32m"30"[31m
                [33mx[31m=[32m"126"[31m
                [33my[31m=[32m"110"[31m
              [36m/>[31m
              [36m<rect[31m
                [33mfill[31m=[32m"hsl(217, 91%, 60%)"[31m
                [33mheight[31m=[32m"70"[31m
                [33mrx[31m=[32m"12"[31m
                [33mwidth[31m=[32m"56"[31m
                [33mx[31m=[32m"62"[31m
                [33my[31m=[32m"30"[31m
              [36m/>[31m
              [36m<line[3...[39m
   [33m[2mΓ£ô[22m[39m Game Flow End-to-End Tests[2m > [22mDesktop - Welcome Screen[2m > [22mnavigates to setup screen when Get Started is clicked [33m 498[2mms[22m[39m
   [33m[2mΓ£ô[22m[39m Game Flow End-to-End Tests[2m > [22mDesktop - Welcome Screen[2m > [22mnavigates to practice mode when Practice Mode is clicked [33m 387[2mms[22m[39m
   [33m[2mΓ£ô[22m[39m Game Flow End-to-End Tests[2m > [22mDesktop - Welcome Screen[2m > [22mnavigates to level map when Level Map is clicked [33m 390[2mms[22m[39m
   [33m[2mΓ£ô[22m[39m Game Flow End-to-End Tests[2m > [22mDesktop - Setup Screen[2m > [22mrenders setup screen with profile form [33m 430[2mms[22m[39m
   [33m[2mΓ£ô[22m[39m Game Flow End-to-End Tests[2m > [22mDesktop - Setup Screen[2m > [22mshows error when trying to proceed without name [33m 396[2mms[22m[39m
   [33m[2mΓ£ô[22m[39m Game Flow End-to-End Tests[2m > [22mDesktop - Setup Screen[2m > [22mallows setting profile and navigates to level map [33m 336[2mms[22m[39m
   [33m[2mΓ£ô[22m[39m Game Flow End-to-End Tests[2m > [22mDesktop - Setup Screen[2m > [22mnavigates back to welcome screen [33m 317[2mms[22m[39m
   [33m[2mΓ£ô[22m[39m Game Flow End-to-End Tests[2m > [22mDesktop - Level Map Screen[2m > [22mdisplays level map with zones and levels [33m 1161[2mms[22m[39m
   [33m[2mΓ£ô[22m[39m Game Flow End-to-End Tests[2m > [22mDesktop - Level Map Screen[2m > [22mallows selecting and starting level 1 [33m 4257[2mms[22m[39m
   [33m[2mΓ£ô[22m[39m Game Flow End-to-End Tests[2m > [22mGame State Persistence[2m > [22mpersists player profile to localStorage [33m 1535[2mms[22m[39m
   [32mΓ£ô[39m Game Flow End-to-End Tests[2m > [22mGame State Persistence[2m > [22mloads saved game state on app restart[32m 89[2mms[22m[39m
[31m   [31m├ù[31m Game Flow End-to-End Tests[2m > [22mMobile View Responsiveness[2m > [22mdisplays welcome screen correctly on mobile[39m[33m 3081[2mms[22m[39m
[31m     ΓåÆ Unable to find an element with the text: Think in Code. Play for Real.. This could be because the text is broken up by multiple elements. In this case, you can provide a function for your text matcher to make your matcher more flexible.

Ignored nodes: comments, script, style
[36m<body>[31m
  [36m<div>[31m
    [36m<div[31m
      [33maria-label[31m=[32m"Notifications (F8)"[31m
      [33mrole[31m=[32m"region"[31m
      [33mstyle[31m=[32m"pointer-events: none;"[31m
      [33mtabindex[31m=[32m"-1"[31m
    [36m>[31m
      [36m<ol[31m
        [33mclass[31m=[32m"fixed top-0 z-[100] flex max-h-screen w-full flex-col-reverse p-4 sm:bottom-0 sm:right-0 sm:top-auto sm:flex-col md:max-w-[420px]"[31m
        [33mtabindex[31m=[32m"-1"[31m
      [36m/>[31m
    [36m</div>[31m
    [36m<section[31m
      [33maria-atomic[31m=[32m"false"[31m
      [33maria-label[31m=[32m"Notifications alt+T"[31m
      [33maria-live[31m=[32m"polite"[31m
      [33maria-relevant[31m=[32m"additions text"[31m
      [33mtabindex[31m=[32m"-1"[31m
    [36m/>[31m
    [36m<div[31m
      [33mclass[31m=[32m"min-h-screen"[31m
    [36m>[31m
      [36m<div[31m
        [33mclass[31m=[32m"min-h-screen flex flex-col items-center justify-center px-4"[31m
      [36m>[31m
        [36m<div[31m
          [33mclass[31m=[32m"animate-fade-in-up"[31m
          [33mstyle[31m=[32m"animation-delay: 0ms;"[31m
        [36m>[31m
          [36m<svg[31m
            [33mclass[31m=[32m"mx-auto mb-4"[31m
            [33mheight[31m=[32m"48"[31m
            [33mviewBox[31m=[32m"0 0 48 48"[31m
            [33mwidth[31m=[32m"48"[31m
          [36m>[31m
            [36m<circle[31m
              [33mcx[31m=[32m"12"[31m
              [33mcy[31m=[32m"12"[31m
              [33mfill[31m=[32m"hsl(217, 91%, 60%)"[31m
              [33mr[31m=[32m"3.5"[31m
            [36m/>[31m
            [36m<circle[31m
              [33mcx[31m=[32m"24"[31m
              [33mcy[31m=[32m"12"[31m
              [33mfill[31m=[32m"hsl(217, 91%, 60%)"[31m
              [33mr[31m=[32m"3.5"[31m
            [36m/>[31m
            [36m<circle[31m
              [33mcx[31m=[32m"36"[31m
              [33mcy[31m=[32m"12"[31m
              [33mfill[31m=[32m"hsl(217, 91%, 60%)"[31m
              [33mr[31m=[32m"3.5"[31m
            [36m/>[31m
            [36m<circle[31m
              [33mcx[31m=[32m"12"[31m
              [33mcy[31m=[32m"24"[31m
              [33mfill[31m=[32m"hsl(217, 91%, 60%)"[31m
              [33mr[31m=[32m"3.5"[31m
            [36m/>[31m
            [36m<circle[31m
              [33mcx[31m=[32m"24"[31m
              [33mcy[31m=[32m"24"[31m
              [33mfill[31m=[32m"hsl(217, 91%, 60%)"[31m
              [33mr[31m=[32m"3.5"[31m
            [36m/>[31m
            [36m<circle[31m
              [33mcx[31m=[32m"36"[31m
              [33mcy[31m=[32m"24"[31m
              [33mfill[31m=[32m"hsl(217, 91%, 60%)"[31m
              [33mr[31m=[32m"3.5"[31m
            [36m/>[31m
            [36m<circle[31m
              [33mcx[31m=[32m"12"[31m
              [33mcy[31m=[32m"36"[31m
              [33mfill[31m=[32m"hsl(217, 91%, 60%)"[31m
              [33mr[31m=[32m"3.5"[31m
            [36m/>[31m
            [36m<circle[31m
              [33mcx[31m=[32m"24"[31m
              [33mcy[31m=[32m"36"[31m
              [33mfill[31m=[32m"hsl(217, 91%, 60%)"[31m
              [33mr[31m=[32m"3.5"[31m
            [36m/>[31m
            [36m<circle[31m
              [33mcx[31m=[32m"36"[31m
              [33mcy[31m=[32m"36"[31m
              [33mfill[31m=[32m"hsl(217, 91%, 60%)"[31m
              [33mr[31m=[32m"3.5"[31m
            [36m/>[31m
          [36m</svg>[31m
        [36m</div>[31m
        [36m<h1[31m
          [33mclass[31m=[32m"text-[2.4rem] font-extrabold animate-fade-in-up"[31m
          [33mstyle[31m=[32m"animation-delay: 100ms; color: rgb(29, 29, 29);"[31m
        [36m>[31m
          [0mBrilliant OS[0m
        [36m</h1>[31m
        [36m<p[31m
          [33mclass[31m=[32m"text-lg mt-1 animate-fade-in-up"[31m
          [33mstyle[31m=[32m"animation-delay: 200ms; color: rgb(101, 101, 101);"[31m
        [36m>[31m
          [0mCode. Solve. Level Up.[0m
        [36m</p>[31m
        [36m<div[31m
          [33mclass[31m=[32m"my-8 animate-fade-in-up"[31m
          [33mstyle[31m=[32m"animation-delay: 300ms;"[31m
        [36m>[31m
          [36m<svg[31m
            [33mheight[31m=[32m"160"[31m
            [33mviewBox[31m=[32m"0 0 180 160"[31m
            [33mwidth[31m=[32m"180"[31m
          [36m>[31m
            [36m<rect[31m
              [33mfill[31m=[32m"hsl(168, 76%, 90%)"[31m
              [33mheight[31m=[32m"30"[31m
              [33mrx[31m=[32m"4"[31m
              [33mstroke[31m=[32m"hsl(214, 32%, 91%)"[31m
              [33mstroke-width[31m=[32m"1"[31m
              [33mwidth[31m=[32m"30"[31m
              [33mx[31m=[32m"30"[31m
              [33my[31m=[32m"110"[31m
            [36m/>[31m
            [36m<rect[31m
              [33mfill[31m=[32m"white"[31m
              [33mheight[31m=[32m"30"[31m
              [33mrx[31m=[32m"4"[31m
              [33mstroke[31m=[32m"hsl(214, 32%, 91%)"[31m
              [33mstroke-width[31m=[32m"1"[31m
              [33mwidth[31m=[32m"30"[31m
              [33mx[31m=[32m"62"[31m
              [33my[31m=[32m"110"[31m
            [36m/>[31m
            [36m<rect[31m
              [33mfill[31m=[32m"hsl(168, 76%, 90%)"[31m
              [33mheight[31m=[32m"30"[31m
              [33mrx[31m=[32m"4"[31m
              [33mstroke[31m=[32m"hsl(214, 32%, 91%)"[31m
              [33mstroke-width[31m=[32m"1"[31m
              [33mwidth[31m=[32m"30"[31m
              [33mx[31m=[32m"94"[31m
              [33my[31m=[32m"110"[31m
            [36m/>[31m
            [36m<rect[31m
              [33mfill[31m=[32m"white"[31m
              [33mheight[31m=[32m"30"[31m
              [33mrx[31m=[32m"4"[31m
              [33mstroke[31m=[32m"hsl(214, 32%, 91%)"[31m
              [33mstroke-width[31m=[32m"1"[31m
              [33mwidth[31m=[32m"30"[31m
              [33mx[31m=[32m"126"[31m
              [33my[31m=[32m"110"[31m
            [36m/>[31m
            [36m<rect[31m
              [33mfill[31m=[32m"hsl(217, 91%, 60%)"[31m
              [33mheight[31m=[32m"70"[31m
              [33mrx[31m=[32m"12"[31m
              [33mwidth[31m=[32m"56"[31m
              [33mx[31m=[32m"62"[31m
              [33my[31m=[32m"30"[31m
            [36m/>[31m
            [36m<line[31m
              [33mstroke[31m=[32m"hsl(217, 91%, 60%)"[31m
              [33mstroke-width[31m=[32m"3"[31m
              [33mx1[31m=[32m"90"[31m
              [33mx2[31m=[32m"90"[31m
              [33my1[31m=[32m"12"[31m
              [33my2[31m=[32m"30"[31m
            [36m/>[31m
            [36m<circle[31m
              [33mcx[31m=[32m"90"[31m
              [33mcy[31m=[32m"10"[31m
              [33mfill[31m=[32m"hsl(43, 96%, 56%)"[31m
              [33mr[31m=[32m"5"[31m
            [36m/>[31m
            [36m<circle[31m
              [33mcx[31m=[32m"78"[31m
              [33mcy[31m=[32m"55"[31m
              [33mfill[31m=[32m"white"[31m
              [33mr[31m=[32m"8"[31m
            [36m/>[31m
            [36m<circle[31m
              [33mcx[31m=[32m"102"[31m
              [33mcy[31m=[32m"55"[31m
              [33mfill[31m=[32m"white"[31m
              [33mr[31m=[32m"8"[31m
            [36m/>[31m
            [36m<circle[31m
              [33mcx[31m=[32m"78"[31m
              [33mcy[31m=[32m"55"[31m
              [33mfill[31m=[32m"hsl(217, 33%, 17%)"[31m
              [33mr[31m=[32m"4"[31m
            [36m/>[31m
            [36m<circle[31m
              [33mcx[31m=[32m"102"[31m
              [33mcy[31m=[32m"55"[31m
              [33mfill[31m=[32m"hsl(217, 33%, 17%)"[31m
              [33mr[31m=[32m"4"[31m
            [36m/>[31m
            [36m<path[31m
              [33md[31m=[32m"M78 72 Q90 82 102 72"[31m
              [33mfill[31m=[32m"none"[31m
              [33mstroke[31m=[32m"white"[31m
              [33mstroke-linecap[31m=[32m"round"[31m
              [33mstroke-width[31m=[32m"3"[31m
            [36m/>[31m
            [36m<rect[31m
              [33mfill[31m=[32m"hsl(217, 91%, 60%)"[31m
              [33mheight[31m=[32m"8"[31m
              [33mrx[31m=[32m"4"[31m
              [33mwidth[31m=[32m"16"[31m
              [33mx[31m=[32m"46"[31m
              [33my[31m=[32m"50"[31m
            [36m/>[31m
            [36m<rect[31m
              [33mfill[31m=[32m"hsl(217, 91%, 60%)"[31m
              [33mheight[31m=[32m"8"[31m
              [33mrx[31m=[32m"4"[31m
              [33mwidth[31m=[32m"16"[31m
              [33mx[31m=[32m"118"[31m
              [33my[31m=[32m"50"[31m
            [36m/>[31m
            [36m<rect[31m
              [33mfill[31m=[32m"hsl(217, 91%, 60%)"[31m
              [33mheight[31m=[32m"14"[31m
              [33mrx[31m=[32m"4"[31m
              [33mwidth[31m=[32m"10"[31m
              [33mx[31m=[32m"72"[31m
              [33my[31m=[32m"100"[31m
            [36m/>[31m
            [36m<rect[31m
              [33mfill[31m=[32m"hsl(217, 91%, 60%)"[31m
              [33mheight[31m=[32m"14"[31m
              [33mrx[31m=[32m"4"[31m
              [33mwidth[31m=[32m"10"[31m
              [33mx[31m=[32m"98"[31m
              [33my[31m=[32m"100"[31m
            [36m/>[31m
          [36m</svg>[31m
        [36m</div>[31m
        [36m<div[31m
          [33mclass[31m=[32m"flex gap-3 mb-8 animate-fade-in-up flex-wrap justify-center"[31m
          [33mstyle[31m=[32m"animation-delay: 400ms;"[31m
        [36m>[31m
          [36m<span[31m
            [33mclass[31m=[32m"flex items-center gap-1.5 px-3 py-1.5 rounded-full text-sm"[31m
            [33mstyle[31m=[32m"background: rgb(238, 238, 238); color: rgb(101, 101, 101);"[31m
          [36m>[31m
            [36m<svg[31m
              [33mfill[31m=[32m"none"[31m
              [33mheight[31m=[32m"14"[31m
              [33mstroke[31m=[32m"hsl(215, 16%, 47%)"[31m
              [33mstroke-linecap[31m=[32m"round"[31m
              [33mstroke-width[31m=[32m"1.5"[31m
              [33mviewBox[31m=[32m"0 0 24 24"[31m
              [33mwidth[31m=[32m"14"[31m
            [36m>[31m
              [36m<path[31m
                [33md[31m=[32m"M3 3v18h18"[31m
              [36m/>[31m
              [36m<path[31m
                [33md[31m=[32m"M7 16l4-4 4 4 5-5"[31m
              [36m/>[31m
            [36m</svg>[31m
            [0m [0m
            [0m50 Levels[0m
          [36m</span>[31m
          [36m<span[31m
            [33mclass[31m=[32m"flex items-center gap-1.5 px-3 py-1.5 rounded-full text-sm"[31m
            [33mstyle[31m=[32m"background: rgb(238, 238, 238); color: rgb(101, 101, 101);"[31m
          [36m>[31m
            [36m<svg[31m
              [33mfill[31m=[32m"hsl(215, 16%, 47%)"[31m
              [33mheight[31m=[32m"14"[31m
              [33mviewBox[31m=[32m"0 0 24 24"[31m
              [33mwidth[31m=[32m"14"[31m
            [36m>[31m
              [36m<polygon[31m
                [33mpoints[31m=[32m"13 2 3 14 12 14 11 22 21 10 12 10 13 2"[31m
              [36m/>[31m
            [36m</svg>[31m
            [0m [0m
            [0mReal Code Logic[0m
          [36m</span>[31m
          [36m<span[31m
            [33mclass[31m=[32m"flex items-center gap-1.5 px-3 py-1.5 rounded-full text-sm"[31m
            [33mstyle[31m=[32m"background: rgb(238, 238, 238); color: rgb(101, 101, 101);"[31m
          [36m>[31m
            [36m<svg[31m
              [33mfill[31m=[32m"none"[31m
              [33mheight[31m=[32m"14"[31m
              [33mstroke[31m=[32m"hsl(215, 16%, 47%)"[31m
              [33mstroke-linecap[31m=[32m"round"[31m
              [33mstroke-linejoin[31m=[32m"round"[31m
              [33mstroke-width[31m=[32m"1.5"[31m
              [33mviewBox[31m=[32m"0 0 24 24"[31m
              [33mwidth[31m=[32m"14"[31m
            [36m>[31m
              [36m<path[31m
                [33md[31m=[32m"M6 9H4.5a2.5 2.5 0 010-5H6"[31m
              [36m/>[31m
              [36m<path[31m
                [33md[31m=[32m"M18 9h1.5a2.5 2.5 0 000-5H18"[31m
              [36m/>[31m
              [36m<path[31m
                [33md[31m=[32m"M4 22h16"[31m
              [36m/>[31m
              [36m<path[31m
                [33md[31m=[32m"M10 14.66V17c0 .55-.47.98-.97 1.21C7.85 18.75 7 20 7 22h10c0-2-0.85-3.25-2.03-3.79A1.09 1.09 0 0114 17v-2.34"[31m
              [36m/>[31m
              [36m<path[31m
                [33md[31m=[32m"M18 2H6v7a6 6 0 1012 0V2z"[31m
              [36m/>[31m
            [36m</svg>[31m
            [0m [0m
            [0mCompete & Win[0m
          [36m</span>[31m
        [36m</div>[31m
        [36m<div[31m
          [33mclass[31m=[32m"flex flex-col gap-3 w-full max-w-[320px] animate-fade-in-up"[31m
          [33mstyle[31m=[32m"animation-delay: 500ms;"[31m
        [36m>[31m
          [36m<button[31m
            [33mclass[31m=[32m"btn-primary text-base"[31m
          [36m>[31m
            [0mGet Started[0m
          [36m</button>[31m
          [36m<button[31m
            [33mclass[31m=[32m"btn-secondary text-base"[31m
          [36m>[31m
            [0mPractice Mode[0m
          [36m</button>[31m
          [36m<button[31m
            [33mclass[31m=[32m"btn-secondary text-base"[31m
          [36m>[31m
            [0mLevel Map[0m
          [36m</button>[31m
          [36m<button[31m
            [33mclass[31m=[32m"btn-secondary text-base flex items-center justify-center gap-2"[31m
            [33mstyle[31m=[32m"font-size: 0.9rem;"[31m
          [36m>[31m
            [36m<svg[31m
              [33mfill[31m=[32m"none"[31m
              [33mheight[31m=[32m"16"[31m
              [33mstroke[31m=[32m"hsl(217, 91%, 60%)"[31m
              [33mstroke-linecap[31m=[32m"round"[31m
              [33mstroke-linejoin[31m=[32m"round"[31m
              [33mstroke-width[31m=[32m"1.5"[31m
              [33mviewBox[31m=[32m"0 0 24 24"[31m
              [33mwidth[31m=[32m"16"[31m
            [36m>[31m
              [36m<circle[31m
                [33mcx[31m=[32m"12"[31m
                [33mcy[31m=[32m"12"[31m
                [33mr[31m=[32m"10"[31m
              [36m/>[31m
              [36m<line[31m
                [33mx1[31m=[32m"12"[31m
                [33mx2[31m=[32m"12"[31m
                [33my1[31m=[32m"16"[31m
                [33my2[31m=[32m"12"[31m
              [36m/>[31m
              [36m<line[31m
                [33mx1[31m=[32m"12"[31m
                [33mx2[31m=[32m"12.01"[31m
                [33my1[31m=[32m"8"[31m
                [33my2[31m=[32m"8"[31m
              [36m/>[31m
            [36m</svg>[31m
            [0mAbout & Learn More[0m
          [36m</button>[31m
        [36m</div>[31m
        [36m<p[31m
          [33mclass[31m=[32m"mt-6 flex items-center gap-1 text-xs"[31m
          [33mstyle[31m=[32m"color: rgb(101, 101, 101);"[31m
        [36m>[31m
          [36m<svg[31m
            [33mfill[31m=[32m"none"[31m
            [33mheight[31m=[32m"14"[31m
            [33mstroke[31m=[32m"hsl(215, 16%, 47%)"[31m
            [33mstroke-linecap[31m=[32m"round"[31m
            [33mstroke-linejoin[31m=[32m"round"[31m
            [33mstroke-width[31m=[32m"1.5"[31m
            [33mviewBox[31m=[32m"0 0 24 24"[31m
            [33mwidth[31m=[32m"14"[31m
          [36m>[31m
            [36m<rect[31m
              [33mheight[31m=[32m"11"[31m
              [33mrx[31m=[32m"2"[31m
              [33mwidth[31m=[32m"18"[31m
              [33mx[31m=[32m"3"[31m
              [33my[31m=[32m"11"[31m
            [36m/>[31m
            [36m<path[31m
              [33md[31m=[32m"M7 11V7a5 5 0 0110 0v4"[31m
            [36m/>[31m
          [36m</svg>[31m
          [0mProgress auto-saved locally[0m
        [36m</p>[31m
      [36m</div>[31m
    [36m</div>[31m
    [36m<button[31m
      [33mclass[31m=[32m"fixed bottom-6 right-6 z-40 flex items-center gap-2 px-4 py-3 rounded-full font-bold text-sm transition-all duration-200 hover:scale-105"[31m
      [33mstyle[31m=[32m"background: rgb(60, 60, 60); color: white; box-shadow: 0 4px 20px rgba(59,130,246,0.35); font-family: Nunito, sans-serif;"[31m
    [36m>[31m
      [36m<svg[31m
        [33mfill[31m=[32m"none"[31m
        [33mheight[31m=[32m"18"[31m
        [33mstroke[31m=[32m"white"[31m
        [33mstroke-linecap[31m=[32m"round"[31m
        [33mstroke-linejoin[31m=[32m"round"[31m
        [33mstroke-width[31m=[32m"1.5"[31m
        [33mviewBox[31m=[32m"0 0 24 24"[31m
        [33mwidth[31m=[32m"18"[31m
      [36m>[31m
        [36m<rect[31m
          [33mheight[31m=[32m"16"[31m
          [33mrx[31m=[32m"2"[31m
          [33mwidth[31m=[32m"20"[31m
          [33mx[31m=[32m"2"[31m
          [33my[31m=[32m"4"[31m
        [36m/>[31m
        [36m<path[31m
          [33md[31m=[32m"M22 7l-8.97 5.7a1.94 1.94 0 01-2.06 0L2 7"[31m
        [36m/>[31m
      [36m</svg>[31m
      [0mFeedback[0m
    [36m</button>[31m
  [36m</div>[31m
[36m</body>[31m

Ignored nodes: comments, script, style
[36m<html>[31m
  [36m<head />[31m
  [36m<body>[31m
    [36m<div>[31m
      [36m<div[31m
        [33maria-label[31m=[32m"Notifications (F8)"[31m
        [33mrole[31m=[32m"region"[31m
        [33mstyle[31m=[32m"pointer-events: none;"[31m
        [33mtabindex[31m=[32m"-1"[31m
      [36m>[31m
        [36m<ol[31m
          [33mclass[31m=[32m"fixed top-0 z-[100] flex max-h-screen w-full flex-col-reverse p-4 sm:bottom-0 sm:right-0 sm:top-auto sm:flex-col md:max-w-[420px]"[31m
          [33mtabindex[31m=[32m"-1"[31m
        [36m/>[31m
      [36m</div>[31m
      [36m<section[31m
        [33maria-atomic[31m=[32m"false"[31m
        [33maria-label[31m=[32m"Notifications alt+T"[31m
        [33maria-live[31m=[32m"polite"[31m
        [33maria-relevant[31m=[32m"additions text"[31m
        [33mtabindex[31m=[32m"-1"[31m
      [36m/>[31m
      [36m<div[31m
        [33mclass[31m=[32m"min-h-screen"[31m
      [36m>[31m
        [36m<div[31m
          [33mclass[31m=[32m"min-h-screen flex flex-col items-center justify-center px-4"[31m
        [36m>[31m
          [36m<div[31m
            [33mclass[31m=[32m"animate-fade-in-up"[31m
            [33mstyle[31m=[32m"animation-delay: 0ms;"[31m
          [36m>[31m
            [36m<svg[31m
              [33mclass[31m=[32m"mx-auto mb-4"[31m
              [33mheight[31m=[32m"48"[31m
              [33mviewBox[31m=[32m"0 0 48 48"[31m
              [33mwidth[31m=[32m"48"[31m
            [36m>[31m
              [36m<circle[31m
                [33mcx[31m=[32m"12"[31m
                [33mcy[31m=[32m"12"[31m
                [33mfill[31m=[32m"hsl(217, 91%, 60%)"[31m
                [33mr[31m=[32m"3.5"[31m
              [36m/>[31m
              [36m<circle[31m
                [33mcx[31m=[32m"24"[31m
                [33mcy[31m=[32m"12"[31m
                [33mfill[31m=[32m"hsl(217, 91%, 60%)"[31m
                [33mr[31m=[32m"3.5"[31m
              [36m/>[31m
              [36m<circle[31m
                [33mcx[31m=[32m"36"[31m
                [33mcy[31m=[32m"12"[31m
                [33mfill[31m=[32m"hsl(217, 91%, 60%)"[31m
                [33mr[31m=[32m"3.5"[31m
              [36m/>[31m
              [36m<circle[31m
                [33mcx[31m=[32m"12"[31m
                [33mcy[31m=[32m"24"[31m
                [33mfill[31m=[32m"hsl(217, 91%, 60%)"[31m
                [33mr[31m=[32m"3.5"[31m
              [36m/>[31m
              [36m<circle[31m
                [33mcx[31m=[32m"24"[31m
                [33mcy[31m=[32m"24"[31m
                [33mfill[31m=[32m"hsl(217, 91%, 60%)"[31m
                [33mr[31m=[32m"3.5"[31m
              [36m/>[31m
              [36m<circle[31m
                [33mcx[31m=[32m"36"[31m
                [33mcy[31m=[32m"24"[31m
                [33mfill[31m=[32m"hsl(217, 91%, 60%)"[31m
                [33mr[31m=[32m"3.5"[31m
              [36m/>[31m
              [36m<circle[31m
                [33mcx[31m=[32m"12"[31m
                [33mcy[31m=[32m"36"[31m
                [33mfill[31m=[32m"hsl(217, 91%, 60%)"[31m
                [33mr[31m=[32m"3.5"[31m
              [36m/>[31m
              [36m<circle[31m
                [33mcx[31m=[32m"24"[31m
                [33mcy[31m=[32m"36"[31m
                [33mfill[31m=[32m"hsl(217, 91%, 60%)"[31m
                [33mr[31m=[32m"3.5"[31m
              [36m/>[31m
              [36m<circle[31m
                [33mcx[31m=[32m"36"[31m
                [33mcy[31m=[32m"36"[31m
                [33mfill[31m=[32m"hsl(217, 91%, 60%)"[31m
                [33mr[31m=[32m"3.5"[31m
              [36m/>[31m
            [36m</svg>[31m
          [36m</div>[31m
          [36m<h1[31m
            [33mclass[31m=[32m"text-[2.4rem] font-extrabold animate-fade-in-up"[31m
            [33mstyle[31m=[32m"animation-delay: 100ms; color: rgb(29, 29, 29);"[31m
          [36m>[31m
            [0mBrilliant OS[0m
          [36m</h1>[31m
          [36m<p[31m
            [33mclass[31m=[32m"text-lg mt-1 animate-fade-in-up"[31m
            [33mstyle[31m=[32m"animation-delay: 200ms; color: rgb(101, 101, 101);"[31m
          [36m>[31m
            [0mCode. Solve. Level Up.[0m
          [36m</p>[31m
          [36m<div[31m
            [33mclass[31m=[32m"my-8 animate-fade-in-up"[31m
            [33mstyle[31m=[32m"animation-delay: 300ms;"[31m
          [36m>[31m
            [36m<svg[31m
              [33mheight[31m=[32m"160"[31m
              [33mviewBox[31m=[32m"0 0 180 160"[31m
              [33mwidth[31m=[32m"180"[31m
            [36m>[31m
              [36m<rect[31m
                [33mfill[31m=[32m"hsl(168, 76%, 90%)"[31m
                [33mheight[31m=[32m"30"[31m
                [33mrx[31m=[32m"4"[31m
                [33mstroke[31m=[32m"hsl(214, 32%, 91%)"[31m
                [33mstroke-width[31m=[32m"1"[31m
                [33mwidth[31m=[32m"30"[31m
                [33mx[31m=[32m"30"[31m
                [33my[31m=[32m"110"[31m
              [36m/>[31m
              [36m<rect[31m
                [33mfill[31m=[32m"white"[31m
                [33mheight[31m=[32m"30"[31m
                [33mrx[31m=[32m"4"[31m
                [33mstroke[31m=[32m"hsl(214, 32%, 91%)"[31m
                [33mstroke-width[31m=[32m"1"[31m
                [33mwidth[31m=[32m"30"[31m
                [33mx[31m=[32m"62"[31m
                [33my[31m=[32m"110"[31m
              [36m/>[31m
              [36m<rect[31m
                [33mfill[31m=[32m"hsl(168, 76%, 90%)"[31m
                [33mheight[31m=[32m"30"[31m
                [33mrx[31m=[32m"4"[31m
                [33mstroke[31m=[32m"hsl(214, 32%, 91%)"[31m
                [33mstroke-width[31m=[32m"1"[31m
                [33mwidth[31m=[32m"30"[31m
                [33mx[31m=[32m"94"[31m
                [33my[31m=[32m"110"[31m
              [36m/>[31m
              [36m<rect[31m
                [33mfill[31m=[32m"white"[31m
                [33mheight[31m=[32m"30"[31m
                [33mrx[31m=[32m"4"[31m
                [33mstroke[31m=[32m"hsl(214, 32%, 91%)"[31m
                [33mstroke-width[31m=[32m"1"[31m
                [33mwidth[31m=[32m"30"[31m
                [33mx[31m=[32m"126"[31m
                [33my[31m=[32m"110"[31m
              [36m/>[31m
              [36m<rect[31m
                [33mfill[31m=[32m"hsl(217, 91%, 60%)"[31m
                [33mheight[31m=[32m"70"[31m
                [33mrx[31m=[32m"12"[31m
                [33mwidth[31m=[32m"56"[31m
                [33mx[31m=[32m"62"[31m
                [33my[31m=[32m"30"[31m
              [36m/>[31m
              [36m<line[3...[39m
[31m   [31m├ù[31m Game Flow End-to-End Tests[2m > [22mMobile View Responsiveness[2m > [22mdisplays welcome screen correctly on tablet[39m[33m 3091[2mms[22m[39m
[31m     ΓåÆ Unable to find an element with the text: Think in Code. Play for Real.. This could be because the text is broken up by multiple elements. In this case, you can provide a function for your text matcher to make your matcher more flexible.

Ignored nodes: comments, script, style
[36m<body>[31m
  [36m<div>[31m
    [36m<div[31m
      [33maria-label[31m=[32m"Notifications (F8)"[31m
      [33mrole[31m=[32m"region"[31m
      [33mstyle[31m=[32m"pointer-events: none;"[31m
      [33mtabindex[31m=[32m"-1"[31m
    [36m>[31m
      [36m<ol[31m
        [33mclass[31m=[32m"fixed top-0 z-[100] flex max-h-screen w-full flex-col-reverse p-4 sm:bottom-0 sm:right-0 sm:top-auto sm:flex-col md:max-w-[420px]"[31m
        [33mtabindex[31m=[32m"-1"[31m
      [36m/>[31m
    [36m</div>[31m
    [36m<section[31m
      [33maria-atomic[31m=[32m"false"[31m
      [33maria-label[31m=[32m"Notifications alt+T"[31m
      [33maria-live[31m=[32m"polite"[31m
      [33maria-relevant[31m=[32m"additions text"[31m
      [33mtabindex[31m=[32m"-1"[31m
    [36m/>[31m
    [36m<div[31m
      [33mclass[31m=[32m"min-h-screen"[31m
    [36m>[31m
      [36m<div[31m
        [33mclass[31m=[32m"min-h-screen flex flex-col items-center justify-center px-4"[31m
      [36m>[31m
        [36m<div[31m
          [33mclass[31m=[32m"animate-fade-in-up"[31m
          [33mstyle[31m=[32m"animation-delay: 0ms;"[31m
        [36m>[31m
          [36m<svg[31m
            [33mclass[31m=[32m"mx-auto mb-4"[31m
            [33mheight[31m=[32m"48"[31m
            [33mviewBox[31m=[32m"0 0 48 48"[31m
            [33mwidth[31m=[32m"48"[31m
          [36m>[31m
            [36m<circle[31m
              [33mcx[31m=[32m"12"[31m
              [33mcy[31m=[32m"12"[31m
              [33mfill[31m=[32m"hsl(217, 91%, 60%)"[31m
              [33mr[31m=[32m"3.5"[31m
            [36m/>[31m
            [36m<circle[31m
              [33mcx[31m=[32m"24"[31m
              [33mcy[31m=[32m"12"[31m
              [33mfill[31m=[32m"hsl(217, 91%, 60%)"[31m
              [33mr[31m=[32m"3.5"[31m
            [36m/>[31m
            [36m<circle[31m
              [33mcx[31m=[32m"36"[31m
              [33mcy[31m=[32m"12"[31m
              [33mfill[31m=[32m"hsl(217, 91%, 60%)"[31m
              [33mr[31m=[32m"3.5"[31m
            [36m/>[31m
            [36m<circle[31m
              [33mcx[31m=[32m"12"[31m
              [33mcy[31m=[32m"24"[31m
              [33mfill[31m=[32m"hsl(217, 91%, 60%)"[31m
              [33mr[31m=[32m"3.5"[31m
            [36m/>[31m
            [36m<circle[31m
              [33mcx[31m=[32m"24"[31m
              [33mcy[31m=[32m"24"[31m
              [33mfill[31m=[32m"hsl(217, 91%, 60%)"[31m
              [33mr[31m=[32m"3.5"[31m
            [36m/>[31m
            [36m<circle[31m
              [33mcx[31m=[32m"36"[31m
              [33mcy[31m=[32m"24"[31m
              [33mfill[31m=[32m"hsl(217, 91%, 60%)"[31m
              [33mr[31m=[32m"3.5"[31m
            [36m/>[31m
            [36m<circle[31m
              [33mcx[31m=[32m"12"[31m
              [33mcy[31m=[32m"36"[31m
              [33mfill[31m=[32m"hsl(217, 91%, 60%)"[31m
              [33mr[31m=[32m"3.5"[31m
            [36m/>[31m
            [36m<circle[31m
              [33mcx[31m=[32m"24"[31m
              [33mcy[31m=[32m"36"[31m
              [33mfill[31m=[32m"hsl(217, 91%, 60%)"[31m
              [33mr[31m=[32m"3.5"[31m
            [36m/>[31m
            [36m<circle[31m
              [33mcx[31m=[32m"36"[31m
              [33mcy[31m=[32m"36"[31m
              [33mfill[31m=[32m"hsl(217, 91%, 60%)"[31m
              [33mr[31m=[32m"3.5"[31m
            [36m/>[31m
          [36m</svg>[31m
        [36m</div>[31m
        [36m<h1[31m
          [33mclass[31m=[32m"text-[2.4rem] font-extrabold animate-fade-in-up"[31m
          [33mstyle[31m=[32m"animation-delay: 100ms; color: rgb(29, 29, 29);"[31m
        [36m>[31m
          [0mBrilliant OS[0m
        [36m</h1>[31m
        [36m<p[31m
          [33mclass[31m=[32m"text-lg mt-1 animate-fade-in-up"[31m
          [33mstyle[31m=[32m"animation-delay: 200ms; color: rgb(101, 101, 101);"[31m
        [36m>[31m
          [0mCode. Solve. Level Up.[0m
        [36m</p>[31m
        [36m<div[31m
          [33mclass[31m=[32m"my-8 animate-fade-in-up"[31m
          [33mstyle[31m=[32m"animation-delay: 300ms;"[31m
        [36m>[31m
          [36m<svg[31m
            [33mheight[31m=[32m"160"[31m
            [33mviewBox[31m=[32m"0 0 180 160"[31m
            [33mwidth[31m=[32m"180"[31m
          [36m>[31m
            [36m<rect[31m
              [33mfill[31m=[32m"hsl(168, 76%, 90%)"[31m
              [33mheight[31m=[32m"30"[31m
              [33mrx[31m=[32m"4"[31m
              [33mstroke[31m=[32m"hsl(214, 32%, 91%)"[31m
              [33mstroke-width[31m=[32m"1"[31m
              [33mwidth[31m=[32m"30"[31m
              [33mx[31m=[32m"30"[31m
              [33my[31m=[32m"110"[31m
            [36m/>[31m
            [36m<rect[31m
              [33mfill[31m=[32m"white"[31m
              [33mheight[31m=[32m"30"[31m
              [33mrx[31m=[32m"4"[31m
              [33mstroke[31m=[32m"hsl(214, 32%, 91%)"[31m
              [33mstroke-width[31m=[32m"1"[31m
              [33mwidth[31m=[32m"30"[31m
              [33mx[31m=[32m"62"[31m
              [33my[31m=[32m"110"[31m
            [36m/>[31m
            [36m<rect[31m
              [33mfill[31m=[32m"hsl(168, 76%, 90%)"[31m
              [33mheight[31m=[32m"30"[31m
              [33mrx[31m=[32m"4"[31m
              [33mstroke[31m=[32m"hsl(214, 32%, 91%)"[31m
              [33mstroke-width[31m=[32m"1"[31m
              [33mwidth[31m=[32m"30"[31m
              [33mx[31m=[32m"94"[31m
              [33my[31m=[32m"110"[31m
            [36m/>[31m
            [36m<rect[31m
              [33mfill[31m=[32m"white"[31m
              [33mheight[31m=[32m"30"[31m
              [33mrx[31m=[32m"4"[31m
              [33mstroke[31m=[32m"hsl(214, 32%, 91%)"[31m
              [33mstroke-width[31m=[32m"1"[31m
              [33mwidth[31m=[32m"30"[31m
              [33mx[31m=[32m"126"[31m
              [33my[31m=[32m"110"[31m
            [36m/>[31m
            [36m<rect[31m
              [33mfill[31m=[32m"hsl(217, 91%, 60%)"[31m
              [33mheight[31m=[32m"70"[31m
              [33mrx[31m=[32m"12"[31m
              [33mwidth[31m=[32m"56"[31m
              [33mx[31m=[32m"62"[31m
              [33my[31m=[32m"30"[31m
            [36m/>[31m
            [36m<line[31m
              [33mstroke[31m=[32m"hsl(217, 91%, 60%)"[31m
              [33mstroke-width[31m=[32m"3"[31m
              [33mx1[31m=[32m"90"[31m
              [33mx2[31m=[32m"90"[31m
              [33my1[31m=[32m"12"[31m
              [33my2[31m=[32m"30"[31m
            [36m/>[31m
            [36m<circle[31m
              [33mcx[31m=[32m"90"[31m
              [33mcy[31m=[32m"10"[31m
              [33mfill[31m=[32m"hsl(43, 96%, 56%)"[31m
              [33mr[31m=[32m"5"[31m
            [36m/>[31m
            [36m<circle[31m
              [33mcx[31m=[32m"78"[31m
              [33mcy[31m=[32m"55"[31m
              [33mfill[31m=[32m"white"[31m
              [33mr[31m=[32m"8"[31m
            [36m/>[31m
            [36m<circle[31m
              [33mcx[31m=[32m"102"[31m
              [33mcy[31m=[32m"55"[31m
              [33mfill[31m=[32m"white"[31m
              [33mr[31m=[32m"8"[31m
            [36m/>[31m
            [36m<circle[31m
              [33mcx[31m=[32m"78"[31m
              [33mcy[31m=[32m"55"[31m
              [33mfill[31m=[32m"hsl(217, 33%, 17%)"[31m
              [33mr[31m=[32m"4"[31m
            [36m/>[31m
            [36m<circle[31m
              [33mcx[31m=[32m"102"[31m
              [33mcy[31m=[32m"55"[31m
              [33mfill[31m=[32m"hsl(217, 33%, 17%)"[31m
              [33mr[31m=[32m"4"[31m
            [36m/>[31m
            [36m<path[31m
              [33md[31m=[32m"M78 72 Q90 82 102 72"[31m
              [33mfill[31m=[32m"none"[31m
              [33mstroke[31m=[32m"white"[31m
              [33mstroke-linecap[31m=[32m"round"[31m
              [33mstroke-width[31m=[32m"3"[31m
            [36m/>[31m
            [36m<rect[31m
              [33mfill[31m=[32m"hsl(217, 91%, 60%)"[31m
              [33mheight[31m=[32m"8"[31m
              [33mrx[31m=[32m"4"[31m
              [33mwidth[31m=[32m"16"[31m
              [33mx[31m=[32m"46"[31m
              [33my[31m=[32m"50"[31m
            [36m/>[31m
            [36m<rect[31m
              [33mfill[31m=[32m"hsl(217, 91%, 60%)"[31m
              [33mheight[31m=[32m"8"[31m
              [33mrx[31m=[32m"4"[31m
              [33mwidth[31m=[32m"16"[31m
              [33mx[31m=[32m"118"[31m
              [33my[31m=[32m"50"[31m
            [36m/>[31m
            [36m<rect[31m
              [33mfill[31m=[32m"hsl(217, 91%, 60%)"[31m
              [33mheight[31m=[32m"14"[31m
              [33mrx[31m=[32m"4"[31m
              [33mwidth[31m=[32m"10"[31m
              [33mx[31m=[32m"72"[31m
              [33my[31m=[32m"100"[31m
            [36m/>[31m
            [36m<rect[31m
              [33mfill[31m=[32m"hsl(217, 91%, 60%)"[31m
              [33mheight[31m=[32m"14"[31m
              [33mrx[31m=[32m"4"[31m
              [33mwidth[31m=[32m"10"[31m
              [33mx[31m=[32m"98"[31m
              [33my[31m=[32m"100"[31m
            [36m/>[31m
          [36m</svg>[31m
        [36m</div>[31m
        [36m<div[31m
          [33mclass[31m=[32m"flex gap-3 mb-8 animate-fade-in-up flex-wrap justify-center"[31m
          [33mstyle[31m=[32m"animation-delay: 400ms;"[31m
        [36m>[31m
          [36m<span[31m
            [33mclass[31m=[32m"flex items-center gap-1.5 px-3 py-1.5 rounded-full text-sm"[31m
            [33mstyle[31m=[32m"background: rgb(238, 238, 238); color: rgb(101, 101, 101);"[31m
          [36m>[31m
            [36m<svg[31m
              [33mfill[31m=[32m"none"[31m
              [33mheight[31m=[32m"14"[31m
              [33mstroke[31m=[32m"hsl(215, 16%, 47%)"[31m
              [33mstroke-linecap[31m=[32m"round"[31m
              [33mstroke-width[31m=[32m"1.5"[31m
              [33mviewBox[31m=[32m"0 0 24 24"[31m
              [33mwidth[31m=[32m"14"[31m
            [36m>[31m
              [36m<path[31m
                [33md[31m=[32m"M3 3v18h18"[31m
              [36m/>[31m
              [36m<path[31m
                [33md[31m=[32m"M7 16l4-4 4 4 5-5"[31m
              [36m/>[31m
            [36m</svg>[31m
            [0m [0m
            [0m50 Levels[0m
          [36m</span>[31m
          [36m<span[31m
            [33mclass[31m=[32m"flex items-center gap-1.5 px-3 py-1.5 rounded-full text-sm"[31m
            [33mstyle[31m=[32m"background: rgb(238, 238, 238); color: rgb(101, 101, 101);"[31m
          [36m>[31m
            [36m<svg[31m
              [33mfill[31m=[32m"hsl(215, 16%, 47%)"[31m
              [33mheight[31m=[32m"14"[31m
              [33mviewBox[31m=[32m"0 0 24 24"[31m
              [33mwidth[31m=[32m"14"[31m
            [36m>[31m
              [36m<polygon[31m
                [33mpoints[31m=[32m"13 2 3 14 12 14 11 22 21 10 12 10 13 2"[31m
              [36m/>[31m
            [36m</svg>[31m
            [0m [0m
            [0mReal Code Logic[0m
          [36m</span>[31m
          [36m<span[31m
            [33mclass[31m=[32m"flex items-center gap-1.5 px-3 py-1.5 rounded-full text-sm"[31m
            [33mstyle[31m=[32m"background: rgb(238, 238, 238); color: rgb(101, 101, 101);"[31m
          [36m>[31m
            [36m<svg[31m
              [33mfill[31m=[32m"none"[31m
              [33mheight[31m=[32m"14"[31m
              [33mstroke[31m=[32m"hsl(215, 16%, 47%)"[31m
              [33mstroke-linecap[31m=[32m"round"[31m
              [33mstroke-linejoin[31m=[32m"round"[31m
              [33mstroke-width[31m=[32m"1.5"[31m
              [33mviewBox[31m=[32m"0 0 24 24"[31m
              [33mwidth[31m=[32m"14"[31m
            [36m>[31m
              [36m<path[31m
                [33md[31m=[32m"M6 9H4.5a2.5 2.5 0 010-5H6"[31m
              [36m/>[31m
              [36m<path[31m
                [33md[31m=[32m"M18 9h1.5a2.5 2.5 0 000-5H18"[31m
              [36m/>[31m
              [36m<path[31m
                [33md[31m=[32m"M4 22h16"[31m
              [36m/>[31m
              [36m<path[31m
                [33md[31m=[32m"M10 14.66V17c0 .55-.47.98-.97 1.21C7.85 18.75 7 20 7 22h10c0-2-0.85-3.25-2.03-3.79A1.09 1.09 0 0114 17v-2.34"[31m
              [36m/>[31m
              [36m<path[31m
                [33md[31m=[32m"M18 2H6v7a6 6 0 1012 0V2z"[31m
              [36m/>[31m
            [36m</svg>[31m
            [0m [0m
            [0mCompete & Win[0m
          [36m</span>[31m
        [36m</div>[31m
        [36m<div[31m
          [33mclass[31m=[32m"flex flex-col gap-3 w-full max-w-[320px] animate-fade-in-up"[31m
          [33mstyle[31m=[32m"animation-delay: 500ms;"[31m
        [36m>[31m
          [36m<button[31m
            [33mclass[31m=[32m"btn-primary text-base"[31m
          [36m>[31m
            [0mGet Started[0m
          [36m</button>[31m
          [36m<button[31m
            [33mclass[31m=[32m"btn-secondary text-base"[31m
          [36m>[31m
            [0mPractice Mode[0m
          [36m</button>[31m
          [36m<button[31m
            [33mclass[31m=[32m"btn-secondary text-base"[31m
          [36m>[31m
            [0mLevel Map[0m
          [36m</button>[31m
          [36m<button[31m
            [33mclass[31m=[32m"btn-secondary text-base flex items-center justify-center gap-2"[31m
            [33mstyle[31m=[32m"font-size: 0.9rem;"[31m
          [36m>[31m
            [36m<svg[31m
              [33mfill[31m=[32m"none"[31m
              [33mheight[31m=[32m"16"[31m
              [33mstroke[31m=[32m"hsl(217, 91%, 60%)"[31m
              [33mstroke-linecap[31m=[32m"round"[31m
              [33mstroke-linejoin[31m=[32m"round"[31m
              [33mstroke-width[31m=[32m"1.5"[31m
              [33mviewBox[31m=[32m"0 0 24 24"[31m
              [33mwidth[31m=[32m"16"[31m
            [36m>[31m
              [36m<circle[31m
                [33mcx[31m=[32m"12"[31m
                [33mcy[31m=[32m"12"[31m
                [33mr[31m=[32m"10"[31m
              [36m/>[31m
              [36m<line[31m
                [33mx1[31m=[32m"12"[31m
                [33mx2[31m=[32m"12"[31m
                [33my1[31m=[32m"16"[31m
                [33my2[31m=[32m"12"[31m
              [36m/>[31m
              [36m<line[31m
                [33mx1[31m=[32m"12"[31m
                [33mx2[31m=[32m"12.01"[31m
                [33my1[31m=[32m"8"[31m
                [33my2[31m=[32m"8"[31m
              [36m/>[31m
            [36m</svg>[31m
            [0mAbout & Learn More[0m
          [36m</button>[31m
        [36m</div>[31m
        [36m<p[31m
          [33mclass[31m=[32m"mt-6 flex items-center gap-1 text-xs"[31m
          [33mstyle[31m=[32m"color: rgb(101, 101, 101);"[31m
        [36m>[31m
          [36m<svg[31m
            [33mfill[31m=[32m"none"[31m
            [33mheight[31m=[32m"14"[31m
            [33mstroke[31m=[32m"hsl(215, 16%, 47%)"[31m
            [33mstroke-linecap[31m=[32m"round"[31m
            [33mstroke-linejoin[31m=[32m"round"[31m
            [33mstroke-width[31m=[32m"1.5"[31m
            [33mviewBox[31m=[32m"0 0 24 24"[31m
            [33mwidth[31m=[32m"14"[31m
          [36m>[31m
            [36m<rect[31m
              [33mheight[31m=[32m"11"[31m
              [33mrx[31m=[32m"2"[31m
              [33mwidth[31m=[32m"18"[31m
              [33mx[31m=[32m"3"[31m
              [33my[31m=[32m"11"[31m
            [36m/>[31m
            [36m<path[31m
              [33md[31m=[32m"M7 11V7a5 5 0 0110 0v4"[31m
            [36m/>[31m
          [36m</svg>[31m
          [0mProgress auto-saved locally[0m
        [36m</p>[31m
      [36m</div>[31m
    [36m</div>[31m
    [36m<button[31m
      [33mclass[31m=[32m"fixed bottom-6 right-6 z-40 flex items-center gap-2 px-4 py-3 rounded-full font-bold text-sm transition-all duration-200 hover:scale-105"[31m
      [33mstyle[31m=[32m"background: rgb(60, 60, 60); color: white; box-shadow: 0 4px 20px rgba(59,130,246,0.35); font-family: Nunito, sans-serif;"[31m
    [36m>[31m
      [36m<svg[31m
        [33mfill[31m=[32m"none"[31m
        [33mheight[31m=[32m"18"[31m
        [33mstroke[31m=[32m"white"[31m
        [33mstroke-linecap[31m=[32m"round"[31m
        [33mstroke-linejoin[31m=[32m"round"[31m
        [33mstroke-width[31m=[32m"1.5"[31m
        [33mviewBox[31m=[32m"0 0 24 24"[31m
        [33mwidth[31m=[32m"18"[31m
      [36m>[31m
        [36m<rect[31m
          [33mheight[31m=[32m"16"[31m
          [33mrx[31m=[32m"2"[31m
          [33mwidth[31m=[32m"20"[31m
          [33mx[31m=[32m"2"[31m
          [33my[31m=[32m"4"[31m
        [36m/>[31m
        [36m<path[31m
          [33md[31m=[32m"M22 7l-8.97 5.7a1.94 1.94 0 01-2.06 0L2 7"[31m
        [36m/>[31m
      [36m</svg>[31m
      [0mFeedback[0m
    [36m</button>[31m
  [36m</div>[31m
[36m</body>[31m

Ignored nodes: comments, script, style
[36m<html>[31m
  [36m<head />[31m
  [36m<body>[31m
    [36m<div>[31m
      [36m<div[31m
        [33maria-label[31m=[32m"Notifications (F8)"[31m
        [33mrole[31m=[32m"region"[31m
        [33mstyle[31m=[32m"pointer-events: none;"[31m
        [33mtabindex[31m=[32m"-1"[31m
      [36m>[31m
        [36m<ol[31m
          [33mclass[31m=[32m"fixed top-0 z-[100] flex max-h-screen w-full flex-col-reverse p-4 sm:bottom-0 sm:right-0 sm:top-auto sm:flex-col md:max-w-[420px]"[31m
          [33mtabindex[31m=[32m"-1"[31m
        [36m/>[31m
      [36m</div>[31m
      [36m<section[31m
        [33maria-atomic[31m=[32m"false"[31m
        [33maria-label[31m=[32m"Notifications alt+T"[31m
        [33maria-live[31m=[32m"polite"[31m
        [33maria-relevant[31m=[32m"additions text"[31m
        [33mtabindex[31m=[32m"-1"[31m
      [36m/>[31m
      [36m<div[31m
        [33mclass[31m=[32m"min-h-screen"[31m
      [36m>[31m
        [36m<div[31m
          [33mclass[31m=[32m"min-h-screen flex flex-col items-center justify-center px-4"[31m
        [36m>[31m
          [36m<div[31m
            [33mclass[31m=[32m"animate-fade-in-up"[31m
            [33mstyle[31m=[32m"animation-delay: 0ms;"[31m
          [36m>[31m
            [36m<svg[31m
              [33mclass[31m=[32m"mx-auto mb-4"[31m
              [33mheight[31m=[32m"48"[31m
              [33mviewBox[31m=[32m"0 0 48 48"[31m
              [33mwidth[31m=[32m"48"[31m
            [36m>[31m
              [36m<circle[31m
                [33mcx[31m=[32m"12"[31m
                [33mcy[31m=[32m"12"[31m
                [33mfill[31m=[32m"hsl(217, 91%, 60%)"[31m
                [33mr[31m=[32m"3.5"[31m
              [36m/>[31m
              [36m<circle[31m
                [33mcx[31m=[32m"24"[31m
                [33mcy[31m=[32m"12"[31m
                [33mfill[31m=[32m"hsl(217, 91%, 60%)"[31m
                [33mr[31m=[32m"3.5"[31m
              [36m/>[31m
              [36m<circle[31m
                [33mcx[31m=[32m"36"[31m
                [33mcy[31m=[32m"12"[31m
                [33mfill[31m=[32m"hsl(217, 91%, 60%)"[31m
                [33mr[31m=[32m"3.5"[31m
              [36m/>[31m
              [36m<circle[31m
                [33mcx[31m=[32m"12"[31m
                [33mcy[31m=[32m"24"[31m
                [33mfill[31m=[32m"hsl(217, 91%, 60%)"[31m
                [33mr[31m=[32m"3.5"[31m
              [36m/>[31m
              [36m<circle[31m
                [33mcx[31m=[32m"24"[31m
                [33mcy[31m=[32m"24"[31m
                [33mfill[31m=[32m"hsl(217, 91%, 60%)"[31m
                [33mr[31m=[32m"3.5"[31m
              [36m/>[31m
              [36m<circle[31m
                [33mcx[31m=[32m"36"[31m
                [33mcy[31m=[32m"24"[31m
                [33mfill[31m=[32m"hsl(217, 91%, 60%)"[31m
                [33mr[31m=[32m"3.5"[31m
              [36m/>[31m
              [36m<circle[31m
                [33mcx[31m=[32m"12"[31m
                [33mcy[31m=[32m"36"[31m
                [33mfill[31m=[32m"hsl(217, 91%, 60%)"[31m
                [33mr[31m=[32m"3.5"[31m
              [36m/>[31m
              [36m<circle[31m
                [33mcx[31m=[32m"24"[31m
                [33mcy[31m=[32m"36"[31m
                [33mfill[31m=[32m"hsl(217, 91%, 60%)"[31m
                [33mr[31m=[32m"3.5"[31m
              [36m/>[31m
              [36m<circle[31m
                [33mcx[31m=[32m"36"[31m
                [33mcy[31m=[32m"36"[31m
                [33mfill[31m=[32m"hsl(217, 91%, 60%)"[31m
                [33mr[31m=[32m"3.5"[31m
              [36m/>[31m
            [36m</svg>[31m
          [36m</div>[31m
          [36m<h1[31m
            [33mclass[31m=[32m"text-[2.4rem] font-extrabold animate-fade-in-up"[31m
            [33mstyle[31m=[32m"animation-delay: 100ms; color: rgb(29, 29, 29);"[31m
          [36m>[31m
            [0mBrilliant OS[0m
          [36m</h1>[31m
          [36m<p[31m
            [33mclass[31m=[32m"text-lg mt-1 animate-fade-in-up"[31m
            [33mstyle[31m=[32m"animation-delay: 200ms; color: rgb(101, 101, 101);"[31m
          [36m>[31m
            [0mCode. Solve. Level Up.[0m
          [36m</p>[31m
          [36m<div[31m
            [33mclass[31m=[32m"my-8 animate-fade-in-up"[31m
            [33mstyle[31m=[32m"animation-delay: 300ms;"[31m
          [36m>[31m
            [36m<svg[31m
              [33mheight[31m=[32m"160"[31m
              [33mviewBox[31m=[32m"0 0 180 160"[31m
              [33mwidth[31m=[32m"180"[31m
            [36m>[31m
              [36m<rect[31m
                [33mfill[31m=[32m"hsl(168, 76%, 90%)"[31m
                [33mheight[31m=[32m"30"[31m
                [33mrx[31m=[32m"4"[31m
                [33mstroke[31m=[32m"hsl(214, 32%, 91%)"[31m
                [33mstroke-width[31m=[32m"1"[31m
                [33mwidth[31m=[32m"30"[31m
                [33mx[31m=[32m"30"[31m
                [33my[31m=[32m"110"[31m
              [36m/>[31m
              [36m<rect[31m
                [33mfill[31m=[32m"white"[31m
                [33mheight[31m=[32m"30"[31m
                [33mrx[31m=[32m"4"[31m
                [33mstroke[31m=[32m"hsl(214, 32%, 91%)"[31m
                [33mstroke-width[31m=[32m"1"[31m
                [33mwidth[31m=[32m"30"[31m
                [33mx[31m=[32m"62"[31m
                [33my[31m=[32m"110"[31m
              [36m/>[31m
              [36m<rect[31m
                [33mfill[31m=[32m"hsl(168, 76%, 90%)"[31m
                [33mheight[31m=[32m"30"[31m
                [33mrx[31m=[32m"4"[31m
                [33mstroke[31m=[32m"hsl(214, 32%, 91%)"[31m
                [33mstroke-width[31m=[32m"1"[31m
                [33mwidth[31m=[32m"30"[31m
                [33mx[31m=[32m"94"[31m
                [33my[31m=[32m"110"[31m
              [36m/>[31m
              [36m<rect[31m
                [33mfill[31m=[32m"white"[31m
                [33mheight[31m=[32m"30"[31m
                [33mrx[31m=[32m"4"[31m
                [33mstroke[31m=[32m"hsl(214, 32%, 91%)"[31m
                [33mstroke-width[31m=[32m"1"[31m
                [33mwidth[31m=[32m"30"[31m
                [33mx[31m=[32m"126"[31m
                [33my[31m=[32m"110"[31m
              [36m/>[31m
              [36m<rect[31m
                [33mfill[31m=[32m"hsl(217, 91%, 60%)"[31m
                [33mheight[31m=[32m"70"[31m
                [33mrx[31m=[32m"12"[31m
                [33mwidth[31m=[32m"56"[31m
                [33mx[31m=[32m"62"[31m
                [33my[31m=[32m"30"[31m
              [36m/>[31m
              [36m<line[3...[39m
   [33m[2mΓ£ô[22m[39m Game Flow End-to-End Tests[2m > [22mMobile View Responsiveness[2m > [22mdisplays setup screen correctly on mobile with interactive elements [33m 754[2mms[22m[39m
   [32mΓ£ô[39m Game Flow End-to-End Tests[2m > [22mMobile View Responsiveness[2m > [22mprovides touch-friendly button sizes on mobile[32m 146[2mms[22m[39m
   [33m[2mΓ£ô[22m[39m Game Flow End-to-End Tests[2m > [22mNavigation Flow[2m > [22mallows direct access to level map from welcome [33m 535[2mms[22m[39m
 [32mΓ£ô[39m src/test/example.test.ts [2m([22m[2m1 test[22m[2m)[22m[32m 11[2mms[22m[39m

[31mΓÄ»ΓÄ»ΓÄ»ΓÄ»ΓÄ»ΓÄ»ΓÄ»[39m[1m[41m Failed Tests 3 
[49m[22m[31mΓÄ»ΓÄ»ΓÄ»ΓÄ»ΓÄ»ΓÄ»ΓÄ»[39m

[41m[1m FAIL [22m[49m src/test/game-flow.test.tsx[2m > [22mGame Flow 
End-to-End Tests[2m > [22mDesktop - Welcome Screen[2m > [22mrenders 
welcome screen with all UI elements
[31m[1mTestingLibraryElementError[22m[39m: Unable to find an element with 
the text: Think in Code. Play for Real.. This could be because the text is 
broken up by multiple elements. In this case, you can provide a function for 
your text matcher to make your matcher more flexible.

Ignored nodes: comments, script, style
[36m<body>[39m
  [36m<div>[39m
    [36m<div[39m
      [33maria-label[39m=[32m"Notifications (F8)"[39m
      [33mrole[39m=[32m"region"[39m
      [33mstyle[39m=[32m"pointer-events: none;"[39m
      [33mtabindex[39m=[32m"-1"[39m
    [36m>[39m
      [36m<ol[39m
        [33mclass[39m=[32m"fixed top-0 z-[100] flex max-h-screen w-full 
flex-col-reverse p-4 sm:bottom-0 sm:right-0 sm:top-auto sm:flex-col 
md:max-w-[420px]"[39m
        [33mtabindex[39m=[32m"-1"[39m
      [36m/>[39m
    [36m</div>[39m
    [36m<section[39m
      [33maria-atomic[39m=[32m"false"[39m
      [33maria-label[39m=[32m"Notifications alt+T"[39m
      [33maria-live[39m=[32m"polite"[39m
      [33maria-relevant[39m=[32m"additions text"[39m
      [33mtabindex[39m=[32m"-1"[39m
    [36m/>[39m
    [36m<div[39m
      [33mclass[39m=[32m"min-h-screen"[39m
    [36m>[39m
      [36m<div[39m
        [33mclass[39m=[32m"min-h-screen flex flex-col items-center 
justify-center px-4"[39m
      [36m>[39m
        [36m<div[39m
          [33mclass[39m=[32m"animate-fade-in-up"[39m
          [33mstyle[39m=[32m"animation-delay: 0ms;"[39m
        [36m>[39m
          [36m<svg[39m
            [33mclass[39m=[32m"mx-auto mb-4"[39m
            [33mheight[39m=[32m"48"[39m
            [33mviewBox[39m=[32m"0 0 48 48"[39m
            [33mwidth[39m=[32m"48"[39m
          [36m>[39m
            [36m<circle[39m
              [33mcx[39m=[32m"12"[39m
              [33mcy[39m=[32m"12"[39m
              [33mfill[39m=[32m"hsl(217, 91%, 60%)"[39m
              [33mr[39m=[32m"3.5"[39m
            [36m/>[39m
            [36m<circle[39m
              [33mcx[39m=[32m"24"[39m
              [33mcy[39m=[32m"12"[39m
              [33mfill[39m=[32m"hsl(217, 91%, 60%)"[39m
              [33mr[39m=[32m"3.5"[39m
            [36m/>[39m
            [36m<circle[39m
              [33mcx[39m=[32m"36"[39m
              [33mcy[39m=[32m"12"[39m
              [33mfill[39m=[32m"hsl(217, 91%, 60%)"[39m
              [33mr[39m=[32m"3.5"[39m
            [36m/>[39m
            [36m<circle[39m
              [33mcx[39m=[32m"12"[39m
              [33mcy[39m=[32m"24"[39m
              [33mfill[39m=[32m"hsl(217, 91%, 60%)"[39m
              [33mr[39m=[32m"3.5"[39m
            [36m/>[39m
            [36m<circle[39m
              [33mcx[39m=[32m"24"[39m
              [33mcy[39m=[32m"24"[39m
              [33mfill[39m=[32m"hsl(217, 91%, 60%)"[39m
              [33mr[39m=[32m"3.5"[39m
            [36m/>[39m
            [36m<circle[39m
              [33mcx[39m=[32m"36"[39m
              [33mcy[39m=[32m"24"[39m
              [33mfill[39m=[32m"hsl(217, 91%, 60%)"[39m
              [33mr[39m=[32m"3.5"[39m
            [36m/>[39m
            [36m<circle[39m
              [33mcx[39m=[32m"12"[39m
              [33mcy[39m=[32m"36"[39m
              [33mfill[39m=[32m"hsl(217, 91%, 60%)"[39m
              [33mr[39m=[32m"3.5"[39m
            [36m/>[39m
            [36m<circle[39m
              [33mcx[39m=[32m"24"[39m
              [33mcy[39m=[32m"36"[39m
              [33mfill[39m=[32m"hsl(217, 91%, 60%)"[39m
              [33mr[39m=[32m"3.5"[39m
            [36m/>[39m
            [36m<circle[39m
              [33mcx[39m=[32m"36"[39m
              [33mcy[39m=[32m"36"[39m
              [33mfill[39m=[32m"hsl(217, 91%, 60%)"[39m
              [33mr[39m=[32m"3.5"[39m
            [36m/>[39m
          [36m</svg>[39m
        [36m</div>[39m
        [36m<h1[39m
          [33mclass[39m=[32m"text-[2.4rem] font-extrabold 
animate-fade-in-up"[39m
          [33mstyle[39m=[32m"animation-delay: 100ms; color: rgb(29, 29, 
29);"[39m
        [36m>[39m
          [0mBrilliant OS[0m
        [36m</h1>[39m
        [36m<p[39m
          [33mclass[39m=[32m"text-lg mt-1 animate-fade-in-up"[39m
          [33mstyle[39m=[32m"animation-delay: 200ms; color: rgb(101, 101, 
101);"[39m
        [36m>[39m
          [0mCode. Solve. Level Up.[0m
        [36m</p>[39m
        [36m<div[39m
          [33mclass[39m=[32m"my-8 animate-fade-in-up"[39m
          [33mstyle[39m=[32m"animation-delay: 300ms;"[39m
        [36m>[39m
          [36m<svg[39m
            [33mheight[39m=[32m"160"[39m
            [33mviewBox[39m=[32m"0 0 180 160"[39m
            [33mwidth[39m=[32m"180"[39m
          [36m>[39m
            [36m<rect[39m
              [33mfill[39m=[32m"hsl(168, 76%, 90%)"[39m
              [33mheight[39m=[32m"30"[39m
              [33mrx[39m=[32m"4"[39m
              [33mstroke[39m=[32m"hsl(214, 32%, 91%)"[39m
              [33mstroke-width[39m=[32m"1"[39m
              [33mwidth[39m=[32m"30"[39m
              [33mx[39m=[32m"30"[39m
              [33my[39m=[32m"110"[39m
            [36m/>[39m
            [36m<rect[39m
              [33mfill[39m=[32m"white"[39m
              [33mheight[39m=[32m"30"[39m
              [33mrx[39m=[32m"4"[39m
              [33mstroke[39m=[32m"hsl(214, 32%, 91%)"[39m
              [33mstroke-width[39m=[32m"1"[39m
              [33mwidth[39m=[32m"30"[39m
              [33mx[39m=[32m"62"[39m
              [33my[39m=[32m"110"[39m
            [36m/>[39m
            [36m<rect[39m
              [33mfill[39m=[32m"hsl(168, 76%, 90%)"[39m
              [33mheight[39m=[32m"30"[39m
              [33mrx[39m=[32m"4"[39m
              [33mstroke[39m=[32m"hsl(214, 32%, 91%)"[39m
              [33mstroke-width[39m=[32m"1"[39m
              [33mwidth[39m=[32m"30"[39m
              [33mx[39m=[32m"94"[39m
              [33my[39m=[32m"110"[39m
            [36m/>[39m
            [36m<rect[39m
              [33mfill[39m=[32m"white"[39m
              [33mheight[39m=[32m"30"[39m
              [33mrx[39m=[32m"4"[39m
              [33mstroke[39m=[32m"hsl(214, 32%, 91%)"[39m
              [33mstroke-width[39m=[32m"1"[39m
              [33mwidth[39m=[32m"30"[39m
              [33mx[39m=[32m"126"[39m
              [33my[39m=[32m"110"[39m
            [36m/>[39m
            [36m<rect[39m
              [33mfill[39m=[32m"hsl(217, 91%, 60%)"[39m
              [33mheight[39m=[32m"70"[39m
              [33mrx[39m=[32m"12"[39m
              [33mwidth[39m=[32m"56"[39m
              [33mx[39m=[32m"62"[39m
              [33my[39m=[32m"30"[39m
            [36m/>[39m
            [36m<line[39m
              [33mstroke[39m=[32m"hsl(217, 91%, 60%)"[39m
              [33mstroke-width[39m=[32m"3"[39m
              [33mx1[39m=[32m"90"[39m
              [33mx2[39m=[32m"90"[39m
              [33my1[39m=[32m"12"[39m
              [33my2[39m=[32m"30"[39m
            [36m/>[39m
            [36m<circle[39m
              [33mcx[39m=[32m"90"[39m
              [33mcy[39m=[32m"10"[39m
              [33mfill[39m=[32m"hsl(43, 96%, 56%)"[39m
              [33mr[39m=[32m"5"[39m
            [36m/>[39m
            [36m<circle[39m
              [33mcx[39m=[32m"78"[39m
              [33mcy[39m=[32m"55"[39m
              [33mfill[39m=[32m"white"[39m
              [33mr[39m=[32m"8"[39m
            [36m/>[39m
            [36m<circle[39m
              [33mcx[39m=[32m"102"[39m
              [33mcy[39m=[32m"55"[39m
              [33mfill[39m=[32m"white"[39m
              [33mr[39m=[32m"8"[39m
            [36m/>[39m
            [36m<circle[39m
              [33mcx[39m=[32m"78"[39m
              [33mcy[39m=[32m"55"[39m
              [33mfill[39m=[32m"hsl(217, 33%, 17%)"[39m
              [33mr[39m=[32m"4"[39m
            [36m/>[39m
            [36m<circle[39m
              [33mcx[39m=[32m"102"[39m
              [33mcy[39m=[32m"55"[39m
              [33mfill[39m=[32m"hsl(217, 33%, 17%)"[39m
              [33mr[39m=[32m"4"[39m
            [36m/>[39m
            [36m<path[39m
              [33md[39m=[32m"M78 72 Q90 82 102 72"[39m
              [33mfill[39m=[32m"none"[39m
              [33mstroke[39m=[32m"white"[39m
              [33mstroke-linecap[39m=[32m"round"[39m
              [33mstroke-width[39m=[32m"3"[39m
            [36m/>[39m
            [36m<rect[39m
              [33mfill[39m=[32m"hsl(217, 91%, 60%)"[39m
              [33mheight[39m=[32m"8"[39m
              [33mrx[39m=[32m"4"[39m
              [33mwidth[39m=[32m"16"[39m
              [33mx[39m=[32m"46"[39m
              [33my[39m=[32m"50"[39m
            [36m/>[39m
            [36m<rect[39m
              [33mfill[39m=[32m"hsl(217, 91%, 60%)"[39m
              [33mheight[39m=[32m"8"[39m
              [33mrx[39m=[32m"4"[39m
              [33mwidth[39m=[32m"16"[39m
              [33mx[39m=[32m"118"[39m
              [33my[39m=[32m"50"[39m
            [36m/>[39m
            [36m<rect[39m
              [33mfill[39m=[32m"hsl(217, 91%, 60%)"[39m
              [33mheight[39m=[32m"14"[39m
              [33mrx[39m=[32m"4"[39m
              [33mwidth[39m=[32m"10"[39m
              [33mx[39m=[32m"72"[39m
              [33my[39m=[32m"100"[39m
            [36m/>[39m
            [36m<rect[39m
              [33mfill[39m=[32m"hsl(217, 91%, 60%)"[39m
              [33mheight[39m=[32m"14"[39m
              [33mrx[39m=[32m"4"[39m
              [33mwidth[39m=[32m"10"[39m
              [33mx[39m=[32m"98"[39m
              [33my[39m=[32m"100"[39m
            [36m/>[39m
          [36m</svg>[39m
        [36m</div>[39m
        [36m<div[39m
          [33mclass[39m=[32m"flex gap-3 mb-8 animate-fade-in-up flex-wrap 
justify-center"[39m
          [33mstyle[39m=[32m"animation-delay: 400ms;"[39m
        [36m>[39m
          [36m<span[39m
            [33mclass[39m=[32m"flex items-center gap-1.5 px-3 py-1.5 
rounded-full text-sm"[39m
            [33mstyle[39m=[32m"background: rgb(238, 238, 238); color: 
rgb(101, 101, 101);"[39m
          [36m>[39m
            [36m<svg[39m
              [33mfill[39m=[32m"none"[39m
              [33mheight[39m=[32m"14"[39m
              [33mstroke[39m=[32m"hsl(215, 16%, 47%)"[39m
              [33mstroke-linecap[39m=[32m"round"[39m
              [33mstroke-width[39m=[32m"1.5"[39m
              [33mviewBox[39m=[32m"0 0 24 24"[39m
              [33mwidth[39m=[32m"14"[39m
            [36m>[39m
              [36m<path[39m
                [33md[39m=[32m"M3 3v18h18"[39m
              [36m/>[39m
              [36m<path[39m
                [33md[39m=[32m"M7 16l4-4 4 4 5-5"[39m
              [36m/>[39m
            [36m</svg>[39m
            [0m [0m
            [0m50 Levels[0m
          [36m</span>[39m
          [36m<span[39m
            [33mclass[39m=[32m"flex items-center gap-1.5 px-3 py-1.5 
rounded-full text-sm"[39m
            [33mstyle[39m=[32m"background: rgb(238, 238, 238); color: 
rgb(101, 101, 101);"[39m
          [36m>[39m
            [36m<svg[39m
              [33mfill[39m=[32m"hsl(215, 16%, 47%)"[39m
              [33mheight[39m=[32m"14"[39m
              [33mviewBox[39m=[32m"0 0 24 24"[39m
              [33mwidth[39m=[32m"14"[39m
            [36m>[39m
              [36m<polygon[39m
                [33mpoints[39m=[32m"13 2 3 14 12 14 11 22 21 10 12 10 13 
2"[39m
              [36m/>[39m
            [36m</svg>[39m
            [0m [0m
            [0mReal Code Logic[0m
          [36m</span>[39m
          [36m<span[39m
            [33mclass[39m=[32m"flex items-center gap-1.5 px-3 py-1.5 
rounded-full text-sm"[39m
            [33mstyle[39m=[32m"background: rgb(238, 238, 238); color: 
rgb(101, 101, 101);"[39m
          [36m>[39m
            [36m<svg[39m
              [33mfill[39m=[32m"none"[39m
              [33mheight[39m=[32m"14"[39m
              [33mstroke[39m=[32m"hsl(215, 16%, 47%)"[39m
              [33mstroke-linecap[39m=[32m"round"[39m
              [33mstroke-linejoin[39m=[32m"round"[39m
              [33mstroke-width[39m=[32m"1.5"[39m
              [33mviewBox[39m=[32m"0 0 24 24"[39m
              [33mwidth[39m=[32m"14"[39m
            [36m>[39m
              [36m<path[39m
                [33md[39m=[32m"M6 9H4.5a2.5 2.5 0 010-5H6"[39m
              [36m/>[39m
              [36m<path[39m
                [33md[39m=[32m"M18 9h1.5a2.5 2.5 0 000-5H18"[39m
              [36m/>[39m
              [36m<path[39m
                [33md[39m=[32m"M4 22h16"[39m
              [36m/>[39m
              [36m<path[39m
                [33md[39m=[32m"M10 14.66V17c0 .55-.47.98-.97 1.21C7.85 
18.75 7 20 7 22h10c0-2-0.85-3.25-2.03-3.79A1.09 1.09 0 0114 17v-2.34"[39m
              [36m/>[39m
              [36m<path[39m
                [33md[39m=[32m"M18 2H6v7a6 6 0 1012 0V2z"[39m
              [36m/>[39m
            [36m</svg>[39m
            [0m [0m
            [0mCompete & Win[0m
          [36m</span>[39m
        [36m</div>[39m
        [36m<div[39m
          [33mclass[39m=[32m"flex flex-col gap-3 w-full max-w-[320px] 
animate-fade-in-up"[39m
          [33mstyle[39m=[32m"animation-delay: 500ms;"[39m
        [36m>[39m
          [36m<button[39m
            [33mclass[39m=[32m"btn-primary text-base"[39m
          [36m>[39m
            [0mGet Started[0m
          [36m</button>[39m
          [36m<button[39m
            [33mclass[39m=[32m"btn-secondary text-base"[39m
          [36m>[39m
            [0mPractice Mode[0m
          [36m</button>[39m
          [36m<button[39m
            [33mclass[39m=[32m"btn-secondary text-base"[39m
          [36m>[39m
            [0mLevel Map[0m
          [36m</button>[39m
          [36m<button[39m
            [33mclass[39m=[32m"btn-secondary text-base flex items-center 
justify-center gap-2"[39m
            [33mstyle[39m=[32m"font-size: 0.9rem;"[39m
          [36m>[39m
            [36m<svg[39m
              [33mfill[39m=[32m"none"[39m
              [33mheight[39m=[32m"16"[39m
              [33mstroke[39m=[32m"hsl(217, 91%, 60%)"[39m
              [33mstroke-linecap[39m=[32m"round"[39m
              [33mstroke-linejoin[39m=[32m"round"[39m
              [33mstroke-width[39m=[32m"1.5"[39m
              [33mviewBox[39m=[32m"0 0 24 24"[39m
              [33mwidth[39m=[32m"16"[39m
            [36m>[39m
              [36m<circle[39m
                [33mcx[39m=[32m"12"[39m
                [33mcy[39m=[32m"12"[39m
                [33mr[39m=[32m"10"[39m
              [36m/>[39m
              [36m<line[39m
                [33mx1[39m=[32m"12"[39m
                [33mx2[39m=[32m"12"[39m
                [33my1[39m=[32m"16"[39m
                [33my2[39m=[32m"12"[39m
              [36m/>[39m
              [36m<line[39m
                [33mx1[39m=[32m"12"[39m
                [33mx2[39m=[32m"12.01"[39m
                [33my1[39m=[32m"8"[39m
                [33my2[39m=[32m"8"[39m
              [36m/>[39m
            [36m</svg>[39m
            [0mAbout & Learn More[0m
          [36m</button>[39m
        [36m</div>[39m
        [36m<p[39m
          [33mclass[39m=[32m"mt-6 flex items-center gap-1 text-xs"[39m
          [33mstyle[39m=[32m"color: rgb(101, 101, 101);"[39m
        [36m>[39m
          [36m<svg[39m
            [33mfill[39m=[32m"none"[39m
            [33mheight[39m=[32m"14"[39m
            [33mstroke[39m=[32m"hsl(215, 16%, 47%)"[39m
            [33mstroke-linecap[39m=[32m"round"[39m
            [33mstroke-linejoin[39m=[32m"round"[39m
            [33mstroke-width[39m=[32m"1.5"[39m
            [33mviewBox[39m=[32m"0 0 24 24"[39m
            [33mwidth[39m=[32m"14"[39m
          [36m>[39m
            [36m<rect[39m
              [33mheight[39m=[32m"11"[39m
              [33mrx[39m=[32m"2"[39m
              [33mwidth[39m=[32m"18"[39m
              [33mx[39m=[32m"3"[39m
              [33my[39m=[32m"11"[39m
            [36m/>[39m
            [36m<path[39m
              [33md[39m=[32m"M7 11V7a5 5 0 0110 0v4"[39m
            [36m/>[39m
          [36m</svg>[39m
          [0mProgress auto-saved locally[0m
        [36m</p>[39m
      [36m</div>[39m
    [36m</div>[39m
    [36m<button[39m
      [33mclass[39m=[32m"fixed bottom-6 right-6 z-40 flex items-center 
gap-2 px-4 py-3 rounded-full font-bold text-sm transition-all duration-200 
hover:scale-105"[39m
      [33mstyle[39m=[32m"background: rgb(60, 60, 60); color: white; 
box-shadow: 0 4px 20px rgba(59,130,246,0.35); font-family: Nunito, 
sans-serif;"[39m
    [36m>[39m
      [36m<svg[39m
        [33mfill[39m=[32m"none"[39m
        [33mheight[39m=[32m"18"[39m
        [33mstroke[39m=[32m"white"[39m
        [33mstroke-linecap[39m=[32m"round"[39m
        [33mstroke-linejoin[39m=[32m"round"[39m
        [33mstroke-width[39m=[32m"1.5"[39m
        [33mviewBox[39m=[32m"0 0 24 24"[39m
        [33mwidth[39m=[32m"18"[39m
      [36m>[39m
        [36m<rect[39m
          [33mheight[39m=[32m"16"[39m
          [33mrx[39m=[32m"2"[39m
          [33mwidth[39m=[32m"20"[39m
          [33mx[39m=[32m"2"[39m
          [33my[39m=[32m"4"[39m
        [36m/>[39m
        [36m<path[39m
          [33md[39m=[32m"M22 7l-8.97 5.7a1.94 1.94 0 01-2.06 0L2 7"[39m
        [36m/>[39m
      [36m</svg>[39m
      [0mFeedback[0m
    [36m</button>[39m
  [36m</div>[39m
[36m</body>[39m

Ignored nodes: comments, script, style
[36m<html>[39m
  [36m<head />[39m
  [36m<body>[39m
    [36m<div>[39m
      [36m<div[39m
        [33maria-label[39m=[32m"Notifications (F8)"[39m
        [33mrole[39m=[32m"region"[39m
        [33mstyle[39m=[32m"pointer-events: none;"[39m
        [33mtabindex[39m=[32m"-1"[39m
      [36m>[39m
        [36m<ol[39m
          [33mclass[39m=[32m"fixed top-0 z-[100] flex max-h-screen w-full 
flex-col-reverse p-4 sm:bottom-0 sm:right-0 sm:top-auto sm:flex-col 
md:max-w-[420px]"[39m
          [33mtabindex[39m=[32m"-1"[39m
        [36m/>[39m
      [36m</div>[39m
      [36m<section[39m
        [33maria-atomic[39m=[32m"false"[39m
        [33maria-label[39m=[32m"Notifications alt+T"[39m
        [33maria-live[39m=[32m"polite"[39m
        [33maria-relevant[39m=[32m"additions text"[39m
        [33mtabindex[39m=[32m"-1"[39m
      [36m/>[39m
      [36m<div[39m
        [33mclass[39m=[32m"min-h-screen"[39m
      [36m>[39m
        [36m<div[39m
          [33mclass[39m=[32m"min-h-screen flex flex-col items-center 
justify-center px-4"[39m
        [36m>[39m
          [36m<div[39m
            [33mclass[39m=[32m"animate-fade-in-up"[39m
            [33mstyle[39m=[32m"animation-delay: 0ms;"[39m
          [36m>[39m
            [36m<svg[39m
              [33mclass[39m=[32m"mx-auto mb-4"[39m
              [33mheight[39m=[32m"48"[39m
              [33mviewBox[39m=[32m"0 0 48 48"[39m
              [33mwidth[39m=[32m"48"[39m
            [36m>[39m
              [36m<circle[39m
                [33mcx[39m=[32m"12"[39m
                [33mcy[39m=[32m"12"[39m
                [33mfill[39m=[32m"hsl(217, 91%, 60%)"[39m
                [33mr[39m=[32m"3.5"[39m
              [36m/>[39m
              [36m<circle[39m
                [33mcx[39m=[32m"24"[39m
                [33mcy[39m=[32m"12"[39m
                [33mfill[39m=[32m"hsl(217, 91%, 60%)"[39m
                [33mr[39m=[32m"3.5"[39m
              [36m/>[39m
              [36m<circle[39m
                [33mcx[39m=[32m"36"[39m
                [33mcy[39m=[32m"12"[39m
                [33mfill[39m=[32m"hsl(217, 91%, 60%)"[39m
                [33mr[39m=[32m"3.5"[39m
              [36m/>[39m
              [36m<circle[39m
                [33mcx[39m=[32m"12"[39m
                [33mcy[39m=[32m"24"[39m
                [33mfill[39m=[32m"hsl(217, 91%, 60%)"[39m
                [33mr[39m=[32m"3.5"[39m
              [36m/>[39m
              [36m<circle[39m
                [33mcx[39m=[32m"24"[39m
                [33mcy[39m=[32m"24"[39m
                [33mfill[39m=[32m"hsl(217, 91%, 60%)"[39m
                [33mr[39m=[32m"3.5"[39m
              [36m/>[39m
              [36m<circle[39m
                [33mcx[39m=[32m"36"[39m
                [33mcy[39m=[32m"24"[39m
                [33mfill[39m=[32m"hsl(217, 91%, 60%)"[39m
                [33mr[39m=[32m"3.5"[39m
              [36m/>[39m
              [36m<circle[39m
                [33mcx[39m=[32m"12"[39m
                [33mcy[39m=[32m"36"[39m
                [33mfill[39m=[32m"hsl(217, 91%, 60%)"[39m
                [33mr[39m=[32m"3.5"[39m
              [36m/>[39m
              [36m<circle[39m
                [33mcx[39m=[32m"24"[39m
                [33mcy[39m=[32m"36"[39m
                [33mfill[39m=[32m"hsl(217, 91%, 60%)"[39m
                [33mr[39m=[32m"3.5"[39m
              [36m/>[39m
              [36m<circle[39m
                [33mcx[39m=[32m"36"[39m
                [33mcy[39m=[32m"36"[39m
                [33mfill[39m=[32m"hsl(217, 91%, 60%)"[39m
                [33mr[39m=[32m"3.5"[39m
              [36m/>[39m
            [36m</svg>[39m
          [36m</div>[39m
          [36m<h1[39m
            [33mclass[39m=[32m"text-[2.4rem] font-extrabold 
animate-fade-in-up"[39m
            [33mstyle[39m=[32m"animation-delay: 100ms; color: rgb(29, 29, 
29);"[39m
          [36m>[39m
            [0mBrilliant OS[0m
          [36m</h1>[39m
          [36m<p[39m
            [33mclass[39m=[32m"text-lg mt-1 animate-fade-in-up"[39m
            [33mstyle[39m=[32m"animation-delay: 200ms; color: rgb(101, 101, 
101);"[39m
          [36m>[39m
            [0mCode. Solve. Level Up.[0m
          [36m</p>[39m
          [36m<div[39m
            [33mclass[39m=[32m"my-8 animate-fade-in-up"[39m
            [33mstyle[39m=[32m"animation-delay: 300ms;"[39m
          [36m>[39m
            [36m<svg[39m
              [33mheight[39m=[32m"160"[39m
              [33mviewBox[39m=[32m"0 0 180 160"[39m
              [33mwidth[39m=[32m"180"[39m
            [36m>[39m
              [36m<rect[39m
                [33mfill[39m=[32m"hsl(168, 76%, 90%)"[39m
                [33mheight[39m=[32m"30"[39m
                [33mrx[39m=[32m"4"[39m
                [33mstroke[39m=[32m"hsl(214, 32%, 91%)"[39m
                [33mstroke-width[39m=[32m"1"[39m
                [33mwidth[39m=[32m"30"[39m
                [33mx[39m=[32m"30"[39m
                [33my[39m=[32m"110"[39m
              [36m/>[39m
              [36m<rect[39m
                [33mfill[39m=[32m"white"[39m
                [33mheight[39m=[32m"30"[39m
                [33mrx[39m=[32m"4"[39m
                [33mstroke[39m=[32m"hsl(214, 32%, 91%)"[39m
                [33mstroke-width[39m=[32m"1"[39m
                [33mwidth[39m=[32m"30"[39m
                [33mx[39m=[32m"62"[39m
                [33my[39m=[32m"110"[39m
              [36m/>[39m
              [36m<rect[39m
                [33mfill[39m=[32m"hsl(168, 76%, 90%)"[39m
                [33mheight[39m=[32m"30"[39m
                [33mrx[39m=[32m"4"[39m
                [33mstroke[39m=[32m"hsl(214, 32%, 91%)"[39m
                [33mstroke-width[39m=[32m"1"[39m
                [33mwidth[39m=[32m"30"[39m
                [33mx[39m=[32m"94"[39m
                [33my[39m=[32m"110"[39m
              [36m/>[39m
              [36m<rect[39m
                [33mfill[39m=[32m"white"[39m
                [33mheight[39m=[32m"30"[39m
                [33mrx[39m=[32m"4"[39m
                [33mstroke[39m=[32m"hsl(214, 32%, 91%)"[39m
                [33mstroke-width[39m=[32m"1"[39m
                [33mwidth[39m=[32m"30"[39m
                [33mx[39m=[32m"126"[39m
                [33my[39m=[32m"110"[39m
              [36m/>[39m
              [36m<rect[39m
                [33mfill[39m=[32m"hsl(217, 91%, 60%)"[39m
                [33mheight[39m=[32m"70"[39m
                [33mrx[39m=[32m"12"[39m
                [33mwidth[39m=[32m"56"[39m
                [33mx[39m=[32m"62"[39m
                [33my[39m=[32m"30"[39m
              [36m/>[39m
              [36m<line[3...
[90m [2mΓ¥»[22m Proxy.waitFor 
node_modules/@testing-library/dom/dist/wait-for.js:[2m163:27[22m[39m
[36m [2mΓ¥»[22m src/test/game-flow.test.tsx:[2m58:13[22m[39m
    [90m 56| [39m
    [90m 57| [39m      [90m// Wait for splash to exit and welcome screen to 
be fully visible[39m
    [90m 58| [39m      [35mawait[39m [34mwaitFor[39m(() [33m=>[39m {
    [90m   | [39m            [31m^[39m
    [90m 59| [39m        expect(screen.getByText('Think in Code. Play for 
Real.')).toBeΓÇª
    [90m 60| [39m      }[33m,[39m { timeout[33m:[39m [34m3000[39m 
})[33m;[39m

[31m[2mΓÄ»ΓÄ»ΓÄ»ΓÄ»ΓÄ»ΓÄ»ΓÄ»ΓÄ»ΓÄ»ΓÄ»ΓÄ»ΓÄ»ΓÄ»ΓÄ»ΓÄ»ΓÄ»ΓÄ»ΓÄ»ΓÄ»ΓÄ»ΓÄ»ΓÄ»ΓÄ»Γ
Ä»[1/3]ΓÄ»[22m[39m

[41m[1m FAIL [22m[49m src/test/game-flow.test.tsx[2m > [22mGame Flow 
End-to-End Tests[2m > [22mMobile View Responsiveness[2m > [22mdisplays 
welcome screen correctly on mobile
[31m[1mTestingLibraryElementError[22m[39m: Unable to find an element with 
the text: Think in Code. Play for Real.. This could be because the text is 
broken up by multiple elements. In this case, you can provide a function for 
your text matcher to make your matcher more flexible.

Ignored nodes: comments, script, style
[36m<body>[39m
  [36m<div>[39m
    [36m<div[39m
      [33maria-label[39m=[32m"Notifications (F8)"[39m
      [33mrole[39m=[32m"region"[39m
      [33mstyle[39m=[32m"pointer-events: none;"[39m
      [33mtabindex[39m=[32m"-1"[39m
    [36m>[39m
      [36m<ol[39m
        [33mclass[39m=[32m"fixed top-0 z-[100] flex max-h-screen w-full 
flex-col-reverse p-4 sm:bottom-0 sm:right-0 sm:top-auto sm:flex-col 
md:max-w-[420px]"[39m
        [33mtabindex[39m=[32m"-1"[39m
      [36m/>[39m
    [36m</div>[39m
    [36m<section[39m
      [33maria-atomic[39m=[32m"false"[39m
      [33maria-label[39m=[32m"Notifications alt+T"[39m
      [33maria-live[39m=[32m"polite"[39m
      [33maria-relevant[39m=[32m"additions text"[39m
      [33mtabindex[39m=[32m"-1"[39m
    [36m/>[39m
    [36m<div[39m
      [33mclass[39m=[32m"min-h-screen"[39m
    [36m>[39m
      [36m<div[39m
        [33mclass[39m=[32m"min-h-screen flex flex-col items-center 
justify-center px-4"[39m
      [36m>[39m
        [36m<div[39m
          [33mclass[39m=[32m"animate-fade-in-up"[39m
          [33mstyle[39m=[32m"animation-delay: 0ms;"[39m
        [36m>[39m
          [36m<svg[39m
            [33mclass[39m=[32m"mx-auto mb-4"[39m
            [33mheight[39m=[32m"48"[39m
            [33mviewBox[39m=[32m"0 0 48 48"[39m
            [33mwidth[39m=[32m"48"[39m
          [36m>[39m
            [36m<circle[39m
              [33mcx[39m=[32m"12"[39m
              [33mcy[39m=[32m"12"[39m
              [33mfill[39m=[32m"hsl(217, 91%, 60%)"[39m
              [33mr[39m=[32m"3.5"[39m
            [36m/>[39m
            [36m<circle[39m
              [33mcx[39m=[32m"24"[39m
              [33mcy[39m=[32m"12"[39m
              [33mfill[39m=[32m"hsl(217, 91%, 60%)"[39m
              [33mr[39m=[32m"3.5"[39m
            [36m/>[39m
            [36m<circle[39m
              [33mcx[39m=[32m"36"[39m
              [33mcy[39m=[32m"12"[39m
              [33mfill[39m=[32m"hsl(217, 91%, 60%)"[39m
              [33mr[39m=[32m"3.5"[39m
            [36m/>[39m
            [36m<circle[39m
              [33mcx[39m=[32m"12"[39m
              [33mcy[39m=[32m"24"[39m
              [33mfill[39m=[32m"hsl(217, 91%, 60%)"[39m
              [33mr[39m=[32m"3.5"[39m
            [36m/>[39m
            [36m<circle[39m
              [33mcx[39m=[32m"24"[39m
              [33mcy[39m=[32m"24"[39m
              [33mfill[39m=[32m"hsl(217, 91%, 60%)"[39m
              [33mr[39m=[32m"3.5"[39m
            [36m/>[39m
            [36m<circle[39m
              [33mcx[39m=[32m"36"[39m
              [33mcy[39m=[32m"24"[39m
              [33mfill[39m=[32m"hsl(217, 91%, 60%)"[39m
              [33mr[39m=[32m"3.5"[39m
            [36m/>[39m
            [36m<circle[39m
              [33mcx[39m=[32m"12"[39m
              [33mcy[39m=[32m"36"[39m
              [33mfill[39m=[32m"hsl(217, 91%, 60%)"[39m
              [33mr[39m=[32m"3.5"[39m
            [36m/>[39m
            [36m<circle[39m
              [33mcx[39m=[32m"24"[39m
              [33mcy[39m=[32m"36"[39m
              [33mfill[39m=[32m"hsl(217, 91%, 60%)"[39m
              [33mr[39m=[32m"3.5"[39m
            [36m/>[39m
            [36m<circle[39m
              [33mcx[39m=[32m"36"[39m
              [33mcy[39m=[32m"36"[39m
              [33mfill[39m=[32m"hsl(217, 91%, 60%)"[39m
              [33mr[39m=[32m"3.5"[39m
            [36m/>[39m
          [36m</svg>[39m
        [36m</div>[39m
        [36m<h1[39m
          [33mclass[39m=[32m"text-[2.4rem] font-extrabold 
animate-fade-in-up"[39m
          [33mstyle[39m=[32m"animation-delay: 100ms; color: rgb(29, 29, 
29);"[39m
        [36m>[39m
          [0mBrilliant OS[0m
        [36m</h1>[39m
        [36m<p[39m
          [33mclass[39m=[32m"text-lg mt-1 animate-fade-in-up"[39m
          [33mstyle[39m=[32m"animation-delay: 200ms; color: rgb(101, 101, 
101);"[39m
        [36m>[39m
          [0mCode. Solve. Level Up.[0m
        [36m</p>[39m
        [36m<div[39m
          [33mclass[39m=[32m"my-8 animate-fade-in-up"[39m
          [33mstyle[39m=[32m"animation-delay: 300ms;"[39m
        [36m>[39m
          [36m<svg[39m
            [33mheight[39m=[32m"160"[39m
            [33mviewBox[39m=[32m"0 0 180 160"[39m
            [33mwidth[39m=[32m"180"[39m
          [36m>[39m
            [36m<rect[39m
              [33mfill[39m=[32m"hsl(168, 76%, 90%)"[39m
              [33mheight[39m=[32m"30"[39m
              [33mrx[39m=[32m"4"[39m
              [33mstroke[39m=[32m"hsl(214, 32%, 91%)"[39m
              [33mstroke-width[39m=[32m"1"[39m
              [33mwidth[39m=[32m"30"[39m
              [33mx[39m=[32m"30"[39m
              [33my[39m=[32m"110"[39m
            [36m/>[39m
            [36m<rect[39m
              [33mfill[39m=[32m"white"[39m
              [33mheight[39m=[32m"30"[39m
              [33mrx[39m=[32m"4"[39m
              [33mstroke[39m=[32m"hsl(214, 32%, 91%)"[39m
              [33mstroke-width[39m=[32m"1"[39m
              [33mwidth[39m=[32m"30"[39m
              [33mx[39m=[32m"62"[39m
              [33my[39m=[32m"110"[39m
            [36m/>[39m
            [36m<rect[39m
              [33mfill[39m=[32m"hsl(168, 76%, 90%)"[39m
              [33mheight[39m=[32m"30"[39m
              [33mrx[39m=[32m"4"[39m
              [33mstroke[39m=[32m"hsl(214, 32%, 91%)"[39m
              [33mstroke-width[39m=[32m"1"[39m
              [33mwidth[39m=[32m"30"[39m
              [33mx[39m=[32m"94"[39m
              [33my[39m=[32m"110"[39m
            [36m/>[39m
            [36m<rect[39m
              [33mfill[39m=[32m"white"[39m
              [33mheight[39m=[32m"30"[39m
              [33mrx[39m=[32m"4"[39m
              [33mstroke[39m=[32m"hsl(214, 32%, 91%)"[39m
              [33mstroke-width[39m=[32m"1"[39m
              [33mwidth[39m=[32m"30"[39m
              [33mx[39m=[32m"126"[39m
              [33my[39m=[32m"110"[39m
            [36m/>[39m
            [36m<rect[39m
              [33mfill[39m=[32m"hsl(217, 91%, 60%)"[39m
              [33mheight[39m=[32m"70"[39m
              [33mrx[39m=[32m"12"[39m
              [33mwidth[39m=[32m"56"[39m
              [33mx[39m=[32m"62"[39m
              [33my[39m=[32m"30"[39m
            [36m/>[39m
            [36m<line[39m
              [33mstroke[39m=[32m"hsl(217, 91%, 60%)"[39m
              [33mstroke-width[39m=[32m"3"[39m
              [33mx1[39m=[32m"90"[39m
              [33mx2[39m=[32m"90"[39m
              [33my1[39m=[32m"12"[39m
              [33my2[39m=[32m"30"[39m
            [36m/>[39m
            [36m<circle[39m
              [33mcx[39m=[32m"90"[39m
              [33mcy[39m=[32m"10"[39m
              [33mfill[39m=[32m"hsl(43, 96%, 56%)"[39m
              [33mr[39m=[32m"5"[39m
            [36m/>[39m
            [36m<circle[39m
              [33mcx[39m=[32m"78"[39m
              [33mcy[39m=[32m"55"[39m
              [33mfill[39m=[32m"white"[39m
              [33mr[39m=[32m"8"[39m
            [36m/>[39m
            [36m<circle[39m
              [33mcx[39m=[32m"102"[39m
              [33mcy[39m=[32m"55"[39m
              [33mfill[39m=[32m"white"[39m
              [33mr[39m=[32m"8"[39m
            [36m/>[39m
            [36m<circle[39m
              [33mcx[39m=[32m"78"[39m
              [33mcy[39m=[32m"55"[39m
              [33mfill[39m=[32m"hsl(217, 33%, 17%)"[39m
              [33mr[39m=[32m"4"[39m
            [36m/>[39m
            [36m<circle[39m
              [33mcx[39m=[32m"102"[39m
              [33mcy[39m=[32m"55"[39m
              [33mfill[39m=[32m"hsl(217, 33%, 17%)"[39m
              [33mr[39m=[32m"4"[39m
            [36m/>[39m
            [36m<path[39m
              [33md[39m=[32m"M78 72 Q90 82 102 72"[39m
              [33mfill[39m=[32m"none"[39m
              [33mstroke[39m=[32m"white"[39m
              [33mstroke-linecap[39m=[32m"round"[39m
              [33mstroke-width[39m=[32m"3"[39m
            [36m/>[39m
            [36m<rect[39m
              [33mfill[39m=[32m"hsl(217, 91%, 60%)"[39m
              [33mheight[39m=[32m"8"[39m
              [33mrx[39m=[32m"4"[39m
              [33mwidth[39m=[32m"16"[39m
              [33mx[39m=[32m"46"[39m
              [33my[39m=[32m"50"[39m
            [36m/>[39m
            [36m<rect[39m
              [33mfill[39m=[32m"hsl(217, 91%, 60%)"[39m
              [33mheight[39m=[32m"8"[39m
              [33mrx[39m=[32m"4"[39m
              [33mwidth[39m=[32m"16"[39m
              [33mx[39m=[32m"118"[39m
              [33my[39m=[32m"50"[39m
            [36m/>[39m
            [36m<rect[39m
              [33mfill[39m=[32m"hsl(217, 91%, 60%)"[39m
              [33mheight[39m=[32m"14"[39m
              [33mrx[39m=[32m"4"[39m
              [33mwidth[39m=[32m"10"[39m
              [33mx[39m=[32m"72"[39m
              [33my[39m=[32m"100"[39m
            [36m/>[39m
            [36m<rect[39m
              [33mfill[39m=[32m"hsl(217, 91%, 60%)"[39m
              [33mheight[39m=[32m"14"[39m
              [33mrx[39m=[32m"4"[39m
              [33mwidth[39m=[32m"10"[39m
              [33mx[39m=[32m"98"[39m
              [33my[39m=[32m"100"[39m
            [36m/>[39m
          [36m</svg>[39m
        [36m</div>[39m
        [36m<div[39m
          [33mclass[39m=[32m"flex gap-3 mb-8 animate-fade-in-up flex-wrap 
justify-center"[39m
          [33mstyle[39m=[32m"animation-delay: 400ms;"[39m
        [36m>[39m
          [36m<span[39m
            [33mclass[39m=[32m"flex items-center gap-1.5 px-3 py-1.5 
rounded-full text-sm"[39m
            [33mstyle[39m=[32m"background: rgb(238, 238, 238); color: 
rgb(101, 101, 101);"[39m
          [36m>[39m
            [36m<svg[39m
              [33mfill[39m=[32m"none"[39m
              [33mheight[39m=[32m"14"[39m
              [33mstroke[39m=[32m"hsl(215, 16%, 47%)"[39m
              [33mstroke-linecap[39m=[32m"round"[39m
              [33mstroke-width[39m=[32m"1.5"[39m
              [33mviewBox[39m=[32m"0 0 24 24"[39m
              [33mwidth[39m=[32m"14"[39m
            [36m>[39m
              [36m<path[39m
                [33md[39m=[32m"M3 3v18h18"[39m
              [36m/>[39m
              [36m<path[39m
                [33md[39m=[32m"M7 16l4-4 4 4 5-5"[39m
              [36m/>[39m
            [36m</svg>[39m
            [0m [0m
            [0m50 Levels[0m
          [36m</span>[39m
          [36m<span[39m
            [33mclass[39m=[32m"flex items-center gap-1.5 px-3 py-1.5 
rounded-full text-sm"[39m
            [33mstyle[39m=[32m"background: rgb(238, 238, 238); color: 
rgb(101, 101, 101);"[39m
          [36m>[39m
            [36m<svg[39m
              [33mfill[39m=[32m"hsl(215, 16%, 47%)"[39m
              [33mheight[39m=[32m"14"[39m
              [33mviewBox[39m=[32m"0 0 24 24"[39m
              [33mwidth[39m=[32m"14"[39m
            [36m>[39m
              [36m<polygon[39m
                [33mpoints[39m=[32m"13 2 3 14 12 14 11 22 21 10 12 10 13 
2"[39m
              [36m/>[39m
            [36m</svg>[39m
            [0m [0m
            [0mReal Code Logic[0m
          [36m</span>[39m
          [36m<span[39m
            [33mclass[39m=[32m"flex items-center gap-1.5 px-3 py-1.5 
rounded-full text-sm"[39m
            [33mstyle[39m=[32m"background: rgb(238, 238, 238); color: 
rgb(101, 101, 101);"[39m
          [36m>[39m
            [36m<svg[39m
              [33mfill[39m=[32m"none"[39m
              [33mheight[39m=[32m"14"[39m
              [33mstroke[39m=[32m"hsl(215, 16%, 47%)"[39m
              [33mstroke-linecap[39m=[32m"round"[39m
              [33mstroke-linejoin[39m=[32m"round"[39m
              [33mstroke-width[39m=[32m"1.5"[39m
              [33mviewBox[39m=[32m"0 0 24 24"[39m
              [33mwidth[39m=[32m"14"[39m
            [36m>[39m
              [36m<path[39m
                [33md[39m=[32m"M6 9H4.5a2.5 2.5 0 010-5H6"[39m
              [36m/>[39m
              [36m<path[39m
                [33md[39m=[32m"M18 9h1.5a2.5 2.5 0 000-5H18"[39m
              [36m/>[39m
              [36m<path[39m
                [33md[39m=[32m"M4 22h16"[39m
              [36m/>[39m
              [36m<path[39m
                [33md[39m=[32m"M10 14.66V17c0 .55-.47.98-.97 1.21C7.85 
18.75 7 20 7 22h10c0-2-0.85-3.25-2.03-3.79A1.09 1.09 0 0114 17v-2.34"[39m
              [36m/>[39m
              [36m<path[39m
                [33md[39m=[32m"M18 2H6v7a6 6 0 1012 0V2z"[39m
              [36m/>[39m
            [36m</svg>[39m
            [0m [0m
            [0mCompete & Win[0m
          [36m</span>[39m
        [36m</div>[39m
        [36m<div[39m
          [33mclass[39m=[32m"flex flex-col gap-3 w-full max-w-[320px] 
animate-fade-in-up"[39m
          [33mstyle[39m=[32m"animation-delay: 500ms;"[39m
        [36m>[39m
          [36m<button[39m
            [33mclass[39m=[32m"btn-primary text-base"[39m
          [36m>[39m
            [0mGet Started[0m
          [36m</button>[39m
          [36m<button[39m
            [33mclass[39m=[32m"btn-secondary text-base"[39m
          [36m>[39m
            [0mPractice Mode[0m
          [36m</button>[39m
          [36m<button[39m
            [33mclass[39m=[32m"btn-secondary text-base"[39m
          [36m>[39m
            [0mLevel Map[0m
          [36m</button>[39m
          [36m<button[39m
            [33mclass[39m=[32m"btn-secondary text-base flex items-center 
justify-center gap-2"[39m
            [33mstyle[39m=[32m"font-size: 0.9rem;"[39m
          [36m>[39m
            [36m<svg[39m
              [33mfill[39m=[32m"none"[39m
              [33mheight[39m=[32m"16"[39m
              [33mstroke[39m=[32m"hsl(217, 91%, 60%)"[39m
              [33mstroke-linecap[39m=[32m"round"[39m
              [33mstroke-linejoin[39m=[32m"round"[39m
              [33mstroke-width[39m=[32m"1.5"[39m
              [33mviewBox[39m=[32m"0 0 24 24"[39m
              [33mwidth[39m=[32m"16"[39m
            [36m>[39m
              [36m<circle[39m
                [33mcx[39m=[32m"12"[39m
                [33mcy[39m=[32m"12"[39m
                [33mr[39m=[32m"10"[39m
              [36m/>[39m
              [36m<line[39m
                [33mx1[39m=[32m"12"[39m
                [33mx2[39m=[32m"12"[39m
                [33my1[39m=[32m"16"[39m
                [33my2[39m=[32m"12"[39m
              [36m/>[39m
              [36m<line[39m
                [33mx1[39m=[32m"12"[39m
                [33mx2[39m=[32m"12.01"[39m
                [33my1[39m=[32m"8"[39m
                [33my2[39m=[32m"8"[39m
              [36m/>[39m
            [36m</svg>[39m
            [0mAbout & Learn More[0m
          [36m</button>[39m
        [36m</div>[39m
        [36m<p[39m
          [33mclass[39m=[32m"mt-6 flex items-center gap-1 text-xs"[39m
          [33mstyle[39m=[32m"color: rgb(101, 101, 101);"[39m
        [36m>[39m
          [36m<svg[39m
            [33mfill[39m=[32m"none"[39m
            [33mheight[39m=[32m"14"[39m
            [33mstroke[39m=[32m"hsl(215, 16%, 47%)"[39m
            [33mstroke-linecap[39m=[32m"round"[39m
            [33mstroke-linejoin[39m=[32m"round"[39m
            [33mstroke-width[39m=[32m"1.5"[39m
            [33mviewBox[39m=[32m"0 0 24 24"[39m
            [33mwidth[39m=[32m"14"[39m
          [36m>[39m
            [36m<rect[39m
              [33mheight[39m=[32m"11"[39m
              [33mrx[39m=[32m"2"[39m
              [33mwidth[39m=[32m"18"[39m
              [33mx[39m=[32m"3"[39m
              [33my[39m=[32m"11"[39m
            [36m/>[39m
            [36m<path[39m
              [33md[39m=[32m"M7 11V7a5 5 0 0110 0v4"[39m
            [36m/>[39m
          [36m</svg>[39m
          [0mProgress auto-saved locally[0m
        [36m</p>[39m
      [36m</div>[39m
    [36m</div>[39m
    [36m<button[39m
      [33mclass[39m=[32m"fixed bottom-6 right-6 z-40 flex items-center 
gap-2 px-4 py-3 rounded-full font-bold text-sm transition-all duration-200 
hover:scale-105"[39m
      [33mstyle[39m=[32m"background: rgb(60, 60, 60); color: white; 
box-shadow: 0 4px 20px rgba(59,130,246,0.35); font-family: Nunito, 
sans-serif;"[39m
    [36m>[39m
      [36m<svg[39m
        [33mfill[39m=[32m"none"[39m
        [33mheight[39m=[32m"18"[39m
        [33mstroke[39m=[32m"white"[39m
        [33mstroke-linecap[39m=[32m"round"[39m
        [33mstroke-linejoin[39m=[32m"round"[39m
        [33mstroke-width[39m=[32m"1.5"[39m
        [33mviewBox[39m=[32m"0 0 24 24"[39m
        [33mwidth[39m=[32m"18"[39m
      [36m>[39m
        [36m<rect[39m
          [33mheight[39m=[32m"16"[39m
          [33mrx[39m=[32m"2"[39m
          [33mwidth[39m=[32m"20"[39m
          [33mx[39m=[32m"2"[39m
          [33my[39m=[32m"4"[39m
        [36m/>[39m
        [36m<path[39m
          [33md[39m=[32m"M22 7l-8.97 5.7a1.94 1.94 0 01-2.06 0L2 7"[39m
        [36m/>[39m
      [36m</svg>[39m
      [0mFeedback[0m
    [36m</button>[39m
  [36m</div>[39m
[36m</body>[39m

Ignored nodes: comments, script, style
[36m<html>[39m
  [36m<head />[39m
  [36m<body>[39m
    [36m<div>[39m
      [36m<div[39m
        [33maria-label[39m=[32m"Notifications (F8)"[39m
        [33mrole[39m=[32m"region"[39m
        [33mstyle[39m=[32m"pointer-events: none;"[39m
        [33mtabindex[39m=[32m"-1"[39m
      [36m>[39m
        [36m<ol[39m
          [33mclass[39m=[32m"fixed top-0 z-[100] flex max-h-screen w-full 
flex-col-reverse p-4 sm:bottom-0 sm:right-0 sm:top-auto sm:flex-col 
md:max-w-[420px]"[39m
          [33mtabindex[39m=[32m"-1"[39m
        [36m/>[39m
      [36m</div>[39m
      [36m<section[39m
        [33maria-atomic[39m=[32m"false"[39m
        [33maria-label[39m=[32m"Notifications alt+T"[39m
        [33maria-live[39m=[32m"polite"[39m
        [33maria-relevant[39m=[32m"additions text"[39m
        [33mtabindex[39m=[32m"-1"[39m
      [36m/>[39m
      [36m<div[39m
        [33mclass[39m=[32m"min-h-screen"[39m
      [36m>[39m
        [36m<div[39m
          [33mclass[39m=[32m"min-h-screen flex flex-col items-center 
justify-center px-4"[39m
        [36m>[39m
          [36m<div[39m
            [33mclass[39m=[32m"animate-fade-in-up"[39m
            [33mstyle[39m=[32m"animation-delay: 0ms;"[39m
          [36m>[39m
            [36m<svg[39m
              [33mclass[39m=[32m"mx-auto mb-4"[39m
              [33mheight[39m=[32m"48"[39m
              [33mviewBox[39m=[32m"0 0 48 48"[39m
              [33mwidth[39m=[32m"48"[39m
            [36m>[39m
              [36m<circle[39m
                [33mcx[39m=[32m"12"[39m
                [33mcy[39m=[32m"12"[39m
                [33mfill[39m=[32m"hsl(217, 91%, 60%)"[39m
                [33mr[39m=[32m"3.5"[39m
              [36m/>[39m
              [36m<circle[39m
                [33mcx[39m=[32m"24"[39m
                [33mcy[39m=[32m"12"[39m
                [33mfill[39m=[32m"hsl(217, 91%, 60%)"[39m
                [33mr[39m=[32m"3.5"[39m
              [36m/>[39m
              [36m<circle[39m
                [33mcx[39m=[32m"36"[39m
                [33mcy[39m=[32m"12"[39m
                [33mfill[39m=[32m"hsl(217, 91%, 60%)"[39m
                [33mr[39m=[32m"3.5"[39m
              [36m/>[39m
              [36m<circle[39m
                [33mcx[39m=[32m"12"[39m
                [33mcy[39m=[32m"24"[39m
                [33mfill[39m=[32m"hsl(217, 91%, 60%)"[39m
                [33mr[39m=[32m"3.5"[39m
              [36m/>[39m
              [36m<circle[39m
                [33mcx[39m=[32m"24"[39m
                [33mcy[39m=[32m"24"[39m
                [33mfill[39m=[32m"hsl(217, 91%, 60%)"[39m
                [33mr[39m=[32m"3.5"[39m
              [36m/>[39m
              [36m<circle[39m
                [33mcx[39m=[32m"36"[39m
                [33mcy[39m=[32m"24"[39m
                [33mfill[39m=[32m"hsl(217, 91%, 60%)"[39m
                [33mr[39m=[32m"3.5"[39m
              [36m/>[39m
              [36m<circle[39m
                [33mcx[39m=[32m"12"[39m
                [33mcy[39m=[32m"36"[39m
                [33mfill[39m=[32m"hsl(217, 91%, 60%)"[39m
                [33mr[39m=[32m"3.5"[39m
              [36m/>[39m
              [36m<circle[39m
                [33mcx[39m=[32m"24"[39m
                [33mcy[39m=[32m"36"[39m
                [33mfill[39m=[32m"hsl(217, 91%, 60%)"[39m
                [33mr[39m=[32m"3.5"[39m
              [36m/>[39m
              [36m<circle[39m
                [33mcx[39m=[32m"36"[39m
                [33mcy[39m=[32m"36"[39m
                [33mfill[39m=[32m"hsl(217, 91%, 60%)"[39m
                [33mr[39m=[32m"3.5"[39m
              [36m/>[39m
            [36m</svg>[39m
          [36m</div>[39m
          [36m<h1[39m
            [33mclass[39m=[32m"text-[2.4rem] font-extrabold 
animate-fade-in-up"[39m
            [33mstyle[39m=[32m"animation-delay: 100ms; color: rgb(29, 29, 
29);"[39m
          [36m>[39m
            [0mBrilliant OS[0m
          [36m</h1>[39m
          [36m<p[39m
            [33mclass[39m=[32m"text-lg mt-1 animate-fade-in-up"[39m
            [33mstyle[39m=[32m"animation-delay: 200ms; color: rgb(101, 101, 
101);"[39m
          [36m>[39m
            [0mCode. Solve. Level Up.[0m
          [36m</p>[39m
          [36m<div[39m
            [33mclass[39m=[32m"my-8 animate-fade-in-up"[39m
            [33mstyle[39m=[32m"animation-delay: 300ms;"[39m
          [36m>[39m
            [36m<svg[39m
              [33mheight[39m=[32m"160"[39m
              [33mviewBox[39m=[32m"0 0 180 160"[39m
              [33mwidth[39m=[32m"180"[39m
            [36m>[39m
              [36m<rect[39m
                [33mfill[39m=[32m"hsl(168, 76%, 90%)"[39m
                [33mheight[39m=[32m"30"[39m
                [33mrx[39m=[32m"4"[39m
                [33mstroke[39m=[32m"hsl(214, 32%, 91%)"[39m
                [33mstroke-width[39m=[32m"1"[39m
                [33mwidth[39m=[32m"30"[39m
                [33mx[39m=[32m"30"[39m
                [33my[39m=[32m"110"[39m
              [36m/>[39m
              [36m<rect[39m
                [33mfill[39m=[32m"white"[39m
                [33mheight[39m=[32m"30"[39m
                [33mrx[39m=[32m"4"[39m
                [33mstroke[39m=[32m"hsl(214, 32%, 91%)"[39m
                [33mstroke-width[39m=[32m"1"[39m
                [33mwidth[39m=[32m"30"[39m
                [33mx[39m=[32m"62"[39m
                [33my[39m=[32m"110"[39m
              [36m/>[39m
              [36m<rect[39m
                [33mfill[39m=[32m"hsl(168, 76%, 90%)"[39m
                [33mheight[39m=[32m"30"[39m
                [33mrx[39m=[32m"4"[39m
                [33mstroke[39m=[32m"hsl(214, 32%, 91%)"[39m
                [33mstroke-width[39m=[32m"1"[39m
                [33mwidth[39m=[32m"30"[39m
                [33mx[39m=[32m"94"[39m
                [33my[39m=[32m"110"[39m
              [36m/>[39m
              [36m<rect[39m
                [33mfill[39m=[32m"white"[39m
                [33mheight[39m=[32m"30"[39m
                [33mrx[39m=[32m"4"[39m
                [33mstroke[39m=[32m"hsl(214, 32%, 91%)"[39m
                [33mstroke-width[39m=[32m"1"[39m
                [33mwidth[39m=[32m"30"[39m
                [33mx[39m=[32m"126"[39m
                [33my[39m=[32m"110"[39m
              [36m/>[39m
              [36m<rect[39m
                [33mfill[39m=[32m"hsl(217, 91%, 60%)"[39m
                [33mheight[39m=[32m"70"[39m
                [33mrx[39m=[32m"12"[39m
                [33mwidth[39m=[32m"56"[39m
                [33mx[39m=[32m"62"[39m
                [33my[39m=[32m"30"[39m
              [36m/>[39m
              [36m<line[3...
[90m [2mΓ¥»[22m Proxy.waitFor 
node_modules/@testing-library/dom/dist/wait-for.js:[2m163:27[22m[39m
[36m [2mΓ¥»[22m src/test/game-flow.test.tsx:[2m383:13[22m[39m
    [90m381| [39m
    [90m382| [39m      [90m// Wait for splash to exit and welcome screen 
visible[39m
    [90m383| [39m      [35mawait[39m [34mwaitFor[39m(() [33m=>[39m {
    [90m   | [39m            [31m^[39m
    [90m384| [39m        expect(screen.getByText('Think in Code. Play for 
Real.')).toBeΓÇª
    [90m385| [39m      }[33m,[39m { timeout[33m:[39m [34m3000[39m 
})[33m;[39m

[31m[2mΓÄ»ΓÄ»ΓÄ»ΓÄ»ΓÄ»ΓÄ»ΓÄ»ΓÄ»ΓÄ»ΓÄ»ΓÄ»ΓÄ»ΓÄ»ΓÄ»ΓÄ»ΓÄ»ΓÄ»ΓÄ»ΓÄ»ΓÄ»ΓÄ»ΓÄ»ΓÄ»Γ
Ä»[2/3]ΓÄ»[22m[39m

[41m[1m FAIL [22m[49m src/test/game-flow.test.tsx[2m > [22mGame Flow 
End-to-End Tests[2m > [22mMobile View Responsiveness[2m > [22mdisplays 
welcome screen correctly on tablet
[31m[1mTestingLibraryElementError[22m[39m: Unable to find an element with 
the text: Think in Code. Play for Real.. This could be because the text is 
broken up by multiple elements. In this case, you can provide a function for 
your text matcher to make your matcher more flexible.

Ignored nodes: comments, script, style
[36m<body>[39m
  [36m<div>[39m
    [36m<div[39m
      [33maria-label[39m=[32m"Notifications (F8)"[39m
      [33mrole[39m=[32m"region"[39m
      [33mstyle[39m=[32m"pointer-events: none;"[39m
      [33mtabindex[39m=[32m"-1"[39m
    [36m>[39m
      [36m<ol[39m
        [33mclass[39m=[32m"fixed top-0 z-[100] flex max-h-screen w-full 
flex-col-reverse p-4 sm:bottom-0 sm:right-0 sm:top-auto sm:flex-col 
md:max-w-[420px]"[39m
        [33mtabindex[39m=[32m"-1"[39m
      [36m/>[39m
    [36m</div>[39m
    [36m<section[39m
      [33maria-atomic[39m=[32m"false"[39m
      [33maria-label[39m=[32m"Notifications alt+T"[39m
      [33maria-live[39m=[32m"polite"[39m
      [33maria-relevant[39m=[32m"additions text"[39m
      [33mtabindex[39m=[32m"-1"[39m
    [36m/>[39m
    [36m<div[39m
      [33mclass[39m=[32m"min-h-screen"[39m
    [36m>[39m
      [36m<div[39m
        [33mclass[39m=[32m"min-h-screen flex flex-col items-center 
justify-center px-4"[39m
      [36m>[39m
        [36m<div[39m
          [33mclass[39m=[32m"animate-fade-in-up"[39m
          [33mstyle[39m=[32m"animation-delay: 0ms;"[39m
        [36m>[39m
          [36m<svg[39m
            [33mclass[39m=[32m"mx-auto mb-4"[39m
            [33mheight[39m=[32m"48"[39m
            [33mviewBox[39m=[32m"0 0 48 48"[39m
            [33mwidth[39m=[32m"48"[39m
          [36m>[39m
            [36m<circle[39m
              [33mcx[39m=[32m"12"[39m
              [33mcy[39m=[32m"12"[39m
              [33mfill[39m=[32m"hsl(217, 91%, 60%)"[39m
              [33mr[39m=[32m"3.5"[39m
            [36m/>[39m
            [36m<circle[39m
              [33mcx[39m=[32m"24"[39m
              [33mcy[39m=[32m"12"[39m
              [33mfill[39m=[32m"hsl(217, 91%, 60%)"[39m
              [33mr[39m=[32m"3.5"[39m
            [36m/>[39m
            [36m<circle[39m
              [33mcx[39m=[32m"36"[39m
              [33mcy[39m=[32m"12"[39m
              [33mfill[39m=[32m"hsl(217, 91%, 60%)"[39m
              [33mr[39m=[32m"3.5"[39m
            [36m/>[39m
            [36m<circle[39m
              [33mcx[39m=[32m"12"[39m
              [33mcy[39m=[32m"24"[39m
              [33mfill[39m=[32m"hsl(217, 91%, 60%)"[39m
              [33mr[39m=[32m"3.5"[39m
            [36m/>[39m
            [36m<circle[39m
              [33mcx[39m=[32m"24"[39m
              [33mcy[39m=[32m"24"[39m
              [33mfill[39m=[32m"hsl(217, 91%, 60%)"[39m
              [33mr[39m=[32m"3.5"[39m
            [36m/>[39m
            [36m<circle[39m
              [33mcx[39m=[32m"36"[39m
              [33mcy[39m=[32m"24"[39m
              [33mfill[39m=[32m"hsl(217, 91%, 60%)"[39m
              [33mr[39m=[32m"3.5"[39m
            [36m/>[39m
            [36m<circle[39m
              [33mcx[39m=[32m"12"[39m
              [33mcy[39m=[32m"36"[39m
              [33mfill[39m=[32m"hsl(217, 91%, 60%)"[39m
              [33mr[39m=[32m"3.5"[39m
            [36m/>[39m
            [36m<circle[39m
              [33mcx[39m=[32m"24"[39m
              [33mcy[39m=[32m"36"[39m
              [33mfill[39m=[32m"hsl(217, 91%, 60%)"[39m
              [33mr[39m=[32m"3.5"[39m
            [36m/>[39m
            [36m<circle[39m
              [33mcx[39m=[32m"36"[39m
              [33mcy[39m=[32m"36"[39m
              [33mfill[39m=[32m"hsl(217, 91%, 60%)"[39m
              [33mr[39m=[32m"3.5"[39m
            [36m/>[39m
          [36m</svg>[39m
        [36m</div>[39m
        [36m<h1[39m
          [33mclass[39m=[32m"text-[2.4rem] font-extrabold 
animate-fade-in-up"[39m
          [33mstyle[39m=[32m"animation-delay: 100ms; color: rgb(29, 29, 
29);"[39m
        [36m>[39m
          [0mBrilliant OS[0m
        [36m</h1>[39m
        [36m<p[39m
          [33mclass[39m=[32m"text-lg mt-1 animate-fade-in-up"[39m
          [33mstyle[39m=[32m"animation-delay: 200ms; color: rgb(101, 101, 
101);"[39m
        [36m>[39m
          [0mCode. Solve. Level Up.[0m
        [36m</p>[39m
        [36m<div[39m
          [33mclass[39m=[32m"my-8 animate-fade-in-up"[39m
          [33mstyle[39m=[32m"animation-delay: 300ms;"[39m
        [36m>[39m
          [36m<svg[39m
            [33mheight[39m=[32m"160"[39m
            [33mviewBox[39m=[32m"0 0 180 160"[39m
            [33mwidth[39m=[32m"180"[39m
          [36m>[39m
            [36m<rect[39m
              [33mfill[39m=[32m"hsl(168, 76%, 90%)"[39m
              [33mheight[39m=[32m"30"[39m
              [33mrx[39m=[32m"4"[39m
              [33mstroke[39m=[32m"hsl(214, 32%, 91%)"[39m
              [33mstroke-width[39m=[32m"1"[39m
              [33mwidth[39m=[32m"30"[39m
              [33mx[39m=[32m"30"[39m
              [33my[39m=[32m"110"[39m
            [36m/>[39m
            [36m<rect[39m
              [33mfill[39m=[32m"white"[39m
              [33mheight[39m=[32m"30"[39m
              [33mrx[39m=[32m"4"[39m
              [33mstroke[39m=[32m"hsl(214, 32%, 91%)"[39m
              [33mstroke-width[39m=[32m"1"[39m
              [33mwidth[39m=[32m"30"[39m
              [33mx[39m=[32m"62"[39m
              [33my[39m=[32m"110"[39m
            [36m/>[39m
            [36m<rect[39m
              [33mfill[39m=[32m"hsl(168, 76%, 90%)"[39m
              [33mheight[39m=[32m"30"[39m
              [33mrx[39m=[32m"4"[39m
              [33mstroke[39m=[32m"hsl(214, 32%, 91%)"[39m
              [33mstroke-width[39m=[32m"1"[39m
              [33mwidth[39m=[32m"30"[39m
              [33mx[39m=[32m"94"[39m
              [33my[39m=[32m"110"[39m
            [36m/>[39m
            [36m<rect[39m
              [33mfill[39m=[32m"white"[39m
              [33mheight[39m=[32m"30"[39m
              [33mrx[39m=[32m"4"[39m
              [33mstroke[39m=[32m"hsl(214, 32%, 91%)"[39m
              [33mstroke-width[39m=[32m"1"[39m
              [33mwidth[39m=[32m"30"[39m
              [33mx[39m=[32m"126"[39m
              [33my[39m=[32m"110"[39m
            [36m/>[39m
            [36m<rect[39m
              [33mfill[39m=[32m"hsl(217, 91%, 60%)"[39m
              [33mheight[39m=[32m"70"[39m
              [33mrx[39m=[32m"12"[39m
              [33mwidth[39m=[32m"56"[39m
              [33mx[39m=[32m"62"[39m
              [33my[39m=[32m"30"[39m
            [36m/>[39m
            [36m<line[39m
              [33mstroke[39m=[32m"hsl(217, 91%, 60%)"[39m
              [33mstroke-width[39m=[32m"3"[39m
              [33mx1[39m=[32m"90"[39m
              [33mx2[39m=[32m"90"[39m
              [33my1[39m=[32m"12"[39m
              [33my2[39m=[32m"30"[39m
            [36m/>[39m
            [36m<circle[39m
              [33mcx[39m=[32m"90"[39m
              [33mcy[39m=[32m"10"[39m
              [33mfill[39m=[32m"hsl(43, 96%, 56%)"[39m
              [33mr[39m=[32m"5"[39m
            [36m/>[39m
            [36m<circle[39m
              [33mcx[39m=[32m"78"[39m
              [33mcy[39m=[32m"55"[39m
              [33mfill[39m=[32m"white"[39m
              [33mr[39m=[32m"8"[39m
            [36m/>[39m
            [36m<circle[39m
              [33mcx[39m=[32m"102"[39m
              [33mcy[39m=[32m"55"[39m
              [33mfill[39m=[32m"white"[39m
              [33mr[39m=[32m"8"[39m
            [36m/>[39m
            [36m<circle[39m
              [33mcx[39m=[32m"78"[39m
              [33mcy[39m=[32m"55"[39m
              [33mfill[39m=[32m"hsl(217, 33%, 17%)"[39m
              [33mr[39m=[32m"4"[39m
            [36m/>[39m
            [36m<circle[39m
              [33mcx[39m=[32m"102"[39m
              [33mcy[39m=[32m"55"[39m
              [33mfill[39m=[32m"hsl(217, 33%, 17%)"[39m
              [33mr[39m=[32m"4"[39m
            [36m/>[39m
            [36m<path[39m
              [33md[39m=[32m"M78 72 Q90 82 102 72"[39m
              [33mfill[39m=[32m"none"[39m
              [33mstroke[39m=[32m"white"[39m
              [33mstroke-linecap[39m=[32m"round"[39m
              [33mstroke-width[39m=[32m"3"[39m
            [36m/>[39m
            [36m<rect[39m
              [33mfill[39m=[32m"hsl(217, 91%, 60%)"[39m
              [33mheight[39m=[32m"8"[39m
              [33mrx[39m=[32m"4"[39m
              [33mwidth[39m=[32m"16"[39m
              [33mx[39m=[32m"46"[39m
              [33my[39m=[32m"50"[39m
            [36m/>[39m
            [36m<rect[39m
              [33mfill[39m=[32m"hsl(217, 91%, 60%)"[39m
              [33mheight[39m=[32m"8"[39m
              [33mrx[39m=[32m"4"[39m
              [33mwidth[39m=[32m"16"[39m
              [33mx[39m=[32m"118"[39m
              [33my[39m=[32m"50"[39m
            [36m/>[39m
            [36m<rect[39m
              [33mfill[39m=[32m"hsl(217, 91%, 60%)"[39m
              [33mheight[39m=[32m"14"[39m
              [33mrx[39m=[32m"4"[39m
              [33mwidth[39m=[32m"10"[39m
              [33mx[39m=[32m"72"[39m
              [33my[39m=[32m"100"[39m
            [36m/>[39m
            [36m<rect[39m
              [33mfill[39m=[32m"hsl(217, 91%, 60%)"[39m
              [33mheight[39m=[32m"14"[39m
              [33mrx[39m=[32m"4"[39m
              [33mwidth[39m=[32m"10"[39m
              [33mx[39m=[32m"98"[39m
              [33my[39m=[32m"100"[39m
            [36m/>[39m
          [36m</svg>[39m
        [36m</div>[39m
        [36m<div[39m
          [33mclass[39m=[32m"flex gap-3 mb-8 animate-fade-in-up flex-wrap 
justify-center"[39m
          [33mstyle[39m=[32m"animation-delay: 400ms;"[39m
        [36m>[39m
          [36m<span[39m
            [33mclass[39m=[32m"flex items-center gap-1.5 px-3 py-1.5 
rounded-full text-sm"[39m
            [33mstyle[39m=[32m"background: rgb(238, 238, 238); color: 
rgb(101, 101, 101);"[39m
          [36m>[39m
            [36m<svg[39m
              [33mfill[39m=[32m"none"[39m
              [33mheight[39m=[32m"14"[39m
              [33mstroke[39m=[32m"hsl(215, 16%, 47%)"[39m
              [33mstroke-linecap[39m=[32m"round"[39m
              [33mstroke-width[39m=[32m"1.5"[39m
              [33mviewBox[39m=[32m"0 0 24 24"[39m
              [33mwidth[39m=[32m"14"[39m
            [36m>[39m
              [36m<path[39m
                [33md[39m=[32m"M3 3v18h18"[39m
              [36m/>[39m
              [36m<path[39m
                [33md[39m=[32m"M7 16l4-4 4 4 5-5"[39m
              [36m/>[39m
            [36m</svg>[39m
            [0m [0m
            [0m50 Levels[0m
          [36m</span>[39m
          [36m<span[39m
            [33mclass[39m=[32m"flex items-center gap-1.5 px-3 py-1.5 
rounded-full text-sm"[39m
            [33mstyle[39m=[32m"background: rgb(238, 238, 238); color: 
rgb(101, 101, 101);"[39m
          [36m>[39m
            [36m<svg[39m
              [33mfill[39m=[32m"hsl(215, 16%, 47%)"[39m
              [33mheight[39m=[32m"14"[39m
              [33mviewBox[39m=[32m"0 0 24 24"[39m
              [33mwidth[39m=[32m"14"[39m
            [36m>[39m
              [36m<polygon[39m
                [33mpoints[39m=[32m"13 2 3 14 12 14 11 22 21 10 12 10 13 
2"[39m
              [36m/>[39m
            [36m</svg>[39m
            [0m [0m
            [0mReal Code Logic[0m
          [36m</span>[39m
          [36m<span[39m
            [33mclass[39m=[32m"flex items-center gap-1.5 px-3 py-1.5 
rounded-full text-sm"[39m
            [33mstyle[39m=[32m"background: rgb(238, 238, 238); color: 
rgb(101, 101, 101);"[39m
          [36m>[39m
            [36m<svg[39m
              [33mfill[39m=[32m"none"[39m
              [33mheight[39m=[32m"14"[39m
              [33mstroke[39m=[32m"hsl(215, 16%, 47%)"[39m
              [33mstroke-linecap[39m=[32m"round"[39m
              [33mstroke-linejoin[39m=[32m"round"[39m
              [33mstroke-width[39m=[32m"1.5"[39m
              [33mviewBox[39m=[32m"0 0 24 24"[39m
              [33mwidth[39m=[32m"14"[39m
            [36m>[39m
              [36m<path[39m
                [33md[39m=[32m"M6 9H4.5a2.5 2.5 0 010-5H6"[39m
              [36m/>[39m
              [36m<path[39m
                [33md[39m=[32m"M18 9h1.5a2.5 2.5 0 000-5H18"[39m
              [36m/>[39m
              [36m<path[39m
                [33md[39m=[32m"M4 22h16"[39m
              [36m/>[39m
              [36m<path[39m
                [33md[39m=[32m"M10 14.66V17c0 .55-.47.98-.97 1.21C7.85 
18.75 7 20 7 22h10c0-2-0.85-3.25-2.03-3.79A1.09 1.09 0 0114 17v-2.34"[39m
              [36m/>[39m
              [36m<path[39m
                [33md[39m=[32m"M18 2H6v7a6 6 0 1012 0V2z"[39m
              [36m/>[39m
            [36m</svg>[39m
            [0m [0m
            [0mCompete & Win[0m
          [36m</span>[39m
        [36m</div>[39m
        [36m<div[39m
          [33mclass[39m=[32m"flex flex-col gap-3 w-full max-w-[320px] 
animate-fade-in-up"[39m
          [33mstyle[39m=[32m"animation-delay: 500ms;"[39m
        [36m>[39m
          [36m<button[39m
            [33mclass[39m=[32m"btn-primary text-base"[39m
          [36m>[39m
            [0mGet Started[0m
          [36m</button>[39m
          [36m<button[39m
            [33mclass[39m=[32m"btn-secondary text-base"[39m
          [36m>[39m
            [0mPractice Mode[0m
          [36m</button>[39m
          [36m<button[39m
            [33mclass[39m=[32m"btn-secondary text-base"[39m
          [36m>[39m
            [0mLevel Map[0m
          [36m</button>[39m
          [36m<button[39m
            [33mclass[39m=[32m"btn-secondary text-base flex items-center 
justify-center gap-2"[39m
            [33mstyle[39m=[32m"font-size: 0.9rem;"[39m
          [36m>[39m
            [36m<svg[39m
              [33mfill[39m=[32m"none"[39m
              [33mheight[39m=[32m"16"[39m
              [33mstroke[39m=[32m"hsl(217, 91%, 60%)"[39m
              [33mstroke-linecap[39m=[32m"round"[39m
              [33mstroke-linejoin[39m=[32m"round"[39m
              [33mstroke-width[39m=[32m"1.5"[39m
              [33mviewBox[39m=[32m"0 0 24 24"[39m
              [33mwidth[39m=[32m"16"[39m
            [36m>[39m
              [36m<circle[39m
                [33mcx[39m=[32m"12"[39m
                [33mcy[39m=[32m"12"[39m
                [33mr[39m=[32m"10"[39m
              [36m/>[39m
              [36m<line[39m
                [33mx1[39m=[32m"12"[39m
                [33mx2[39m=[32m"12"[39m
                [33my1[39m=[32m"16"[39m
                [33my2[39m=[32m"12"[39m
              [36m/>[39m
              [36m<line[39m
                [33mx1[39m=[32m"12"[39m
                [33mx2[39m=[32m"12.01"[39m
                [33my1[39m=[32m"8"[39m
                [33my2[39m=[32m"8"[39m
              [36m/>[39m
            [36m</svg>[39m
            [0mAbout & Learn More[0m
          [36m</button>[39m
        [36m</div>[39m
        [36m<p[39m
          [33mclass[39m=[32m"mt-6 flex items-center gap-1 text-xs"[39m
          [33mstyle[39m=[32m"color: rgb(101, 101, 101);"[39m
        [36m>[39m
          [36m<svg[39m
            [33mfill[39m=[32m"none"[39m
            [33mheight[39m=[32m"14"[39m
            [33mstroke[39m=[32m"hsl(215, 16%, 47%)"[39m
            [33mstroke-linecap[39m=[32m"round"[39m
            [33mstroke-linejoin[39m=[32m"round"[39m
            [33mstroke-width[39m=[32m"1.5"[39m
            [33mviewBox[39m=[32m"0 0 24 24"[39m
            [33mwidth[39m=[32m"14"[39m
          [36m>[39m
            [36m<rect[39m
              [33mheight[39m=[32m"11"[39m
              [33mrx[39m=[32m"2"[39m
              [33mwidth[39m=[32m"18"[39m
              [33mx[39m=[32m"3"[39m
              [33my[39m=[32m"11"[39m
            [36m/>[39m
            [36m<path[39m
              [33md[39m=[32m"M7 11V7a5 5 0 0110 0v4"[39m
            [36m/>[39m
          [36m</svg>[39m
          [0mProgress auto-saved locally[0m
        [36m</p>[39m
      [36m</div>[39m
    [36m</div>[39m
    [36m<button[39m
      [33mclass[39m=[32m"fixed bottom-6 right-6 z-40 flex items-center 
gap-2 px-4 py-3 rounded-full font-bold text-sm transition-all duration-200 
hover:scale-105"[39m
      [33mstyle[39m=[32m"background: rgb(60, 60, 60); color: white; 
box-shadow: 0 4px 20px rgba(59,130,246,0.35); font-family: Nunito, 
sans-serif;"[39m
    [36m>[39m
      [36m<svg[39m
        [33mfill[39m=[32m"none"[39m
        [33mheight[39m=[32m"18"[39m
        [33mstroke[39m=[32m"white"[39m
        [33mstroke-linecap[39m=[32m"round"[39m
        [33mstroke-linejoin[39m=[32m"round"[39m
        [33mstroke-width[39m=[32m"1.5"[39m
        [33mviewBox[39m=[32m"0 0 24 24"[39m
        [33mwidth[39m=[32m"18"[39m
      [36m>[39m
        [36m<rect[39m
          [33mheight[39m=[32m"16"[39m
          [33mrx[39m=[32m"2"[39m
          [33mwidth[39m=[32m"20"[39m
          [33mx[39m=[32m"2"[39m
          [33my[39m=[32m"4"[39m
        [36m/>[39m
        [36m<path[39m
          [33md[39m=[32m"M22 7l-8.97 5.7a1.94 1.94 0 01-2.06 0L2 7"[39m
        [36m/>[39m
      [36m</svg>[39m
      [0mFeedback[0m
    [36m</button>[39m
  [36m</div>[39m
[36m</body>[39m

Ignored nodes: comments, script, style
[36m<html>[39m
  [36m<head />[39m
  [36m<body>[39m
    [36m<div>[39m
      [36m<div[39m
        [33maria-label[39m=[32m"Notifications (F8)"[39m
        [33mrole[39m=[32m"region"[39m
        [33mstyle[39m=[32m"pointer-events: none;"[39m
        [33mtabindex[39m=[32m"-1"[39m
      [36m>[39m
        [36m<ol[39m
          [33mclass[39m=[32m"fixed top-0 z-[100] flex max-h-screen w-full 
flex-col-reverse p-4 sm:bottom-0 sm:right-0 sm:top-auto sm:flex-col 
md:max-w-[420px]"[39m
          [33mtabindex[39m=[32m"-1"[39m
        [36m/>[39m
      [36m</div>[39m
      [36m<section[39m
        [33maria-atomic[39m=[32m"false"[39m
        [33maria-label[39m=[32m"Notifications alt+T"[39m
        [33maria-live[39m=[32m"polite"[39m
        [33maria-relevant[39m=[32m"additions text"[39m
        [33mtabindex[39m=[32m"-1"[39m
      [36m/>[39m
      [36m<div[39m
        [33mclass[39m=[32m"min-h-screen"[39m
      [36m>[39m
        [36m<div[39m
          [33mclass[39m=[32m"min-h-screen flex flex-col items-center 
justify-center px-4"[39m
        [36m>[39m
          [36m<div[39m
            [33mclass[39m=[32m"animate-fade-in-up"[39m
            [33mstyle[39m=[32m"animation-delay: 0ms;"[39m
          [36m>[39m
            [36m<svg[39m
              [33mclass[39m=[32m"mx-auto mb-4"[39m
              [33mheight[39m=[32m"48"[39m
              [33mviewBox[39m=[32m"0 0 48 48"[39m
              [33mwidth[39m=[32m"48"[39m
            [36m>[39m
              [36m<circle[39m
                [33mcx[39m=[32m"12"[39m
                [33mcy[39m=[32m"12"[39m
                [33mfill[39m=[32m"hsl(217, 91%, 60%)"[39m
                [33mr[39m=[32m"3.5"[39m
              [36m/>[39m
              [36m<circle[39m
                [33mcx[39m=[32m"24"[39m
                [33mcy[39m=[32m"12"[39m
                [33mfill[39m=[32m"hsl(217, 91%, 60%)"[39m
                [33mr[39m=[32m"3.5"[39m
              [36m/>[39m
              [36m<circle[39m
                [33mcx[39m=[32m"36"[39m
                [33mcy[39m=[32m"12"[39m
                [33mfill[39m=[32m"hsl(217, 91%, 60%)"[39m
                [33mr[39m=[32m"3.5"[39m
              [36m/>[39m
              [36m<circle[39m
                [33mcx[39m=[32m"12"[39m
                [33mcy[39m=[32m"24"[39m
                [33mfill[39m=[32m"hsl(217, 91%, 60%)"[39m
                [33mr[39m=[32m"3.5"[39m
              [36m/>[39m
              [36m<circle[39m
                [33mcx[39m=[32m"24"[39m
                [33mcy[39m=[32m"24"[39m
                [33mfill[39m=[32m"hsl(217, 91%, 60%)"[39m
                [33mr[39m=[32m"3.5"[39m
              [36m/>[39m
              [36m<circle[39m
                [33mcx[39m=[32m"36"[39m
                [33mcy[39m=[32m"24"[39m
                [33mfill[39m=[32m"hsl(217, 91%, 60%)"[39m
                [33mr[39m=[32m"3.5"[39m
              [36m/>[39m
              [36m<circle[39m
                [33mcx[39m=[32m"12"[39m
                [33mcy[39m=[32m"36"[39m
                [33mfill[39m=[32m"hsl(217, 91%, 60%)"[39m

                [33mr[39m=[32m"3.5"[39m
              [36m/>[39m
              [36m<circle[39m
                [33mcx[39m=[32m"24"[39m
                [33mcy[39m=[32m"36"[39m
                [33mfill[39m=[32m"hsl(217, 91%, 60%)"[39m
                [33mr[39m=[32m"3.5"[39m
              [36m/>[39m
              [36m<circle[39m
                [33mcx[39m=[32m"36"[39m
                [33mcy[39m=[32m"36"[39m
                [33mfill[39m=[32m"hsl(217, 91%, 60%)"[39m
                [33mr[39m=[32m"3.5"[39m
              [36m/>[39m
            [36m</svg>[39m
          [36m</div>[39m
          [36m<h1[39m
            [33mclass[39m=[32m"text-[2.4rem] font-extrabold 
animate-fade-in-up"[39m
            [33mstyle[39m=[32m"animation-delay: 100ms; color: rgb(29, 29, 
29);"[39m
          [36m>[39m
            [0mBrilliant OS[0m
          [36m</h1>[39m
          [36m<p[39m
            [33mclass[39m=[32m"text-lg mt-1 animate-fade-in-up"[39m
            [33mstyle[39m=[32m"animation-delay: 200ms; color: rgb(101, 101, 
101);"[39m
          [36m>[39m
            [0mCode. Solve. Level Up.[0m
          [36m</p>[39m
          [36m<div[39m
            [33mclass[39m=[32m"my-8 animate-fade-in-up"[39m
            [33mstyle[39m=[32m"animation-delay: 300ms;"[39m
          [36m>[39m
            [36m<svg[39m
              [33mheight[39m=[32m"160"[39m
              [33mviewBox[39m=[32m"0 0 180 160"[39m
              [33mwidth[39m=[32m"180"[39m
            [36m>[39m
              [36m<rect[39m
                [33mfill[39m=[32m"hsl(168, 76%, 90%)"[39m
                [33mheight[39m=[32m"30"[39m
                [33mrx[39m=[32m"4"[39m
                [33mstroke[39m=[32m"hsl(214, 32%, 91%)"[39m
                [33mstroke-width[39m=[32m"1"[39m
                [33mwidth[39m=[32m"30"[39m
                [33mx[39m=[32m"30"[39m
                [33my[39m=[32m"110"[39m
              [36m/>[39m
              [36m<rect[39m
                [33mfill[39m=[32m"white"[39m
                [33mheight[39m=[32m"30"[39m
                [33mrx[39m=[32m"4"[39m
                [33mstroke[39m=[32m"hsl(214, 32%, 91%)"[39m
                [33mstroke-width[39m=[32m"1"[39m
                [33mwidth[39m=[32m"30"[39m
                [33mx[39m=[32m"62"[39m
                [33my[39m=[32m"110"[39m
              [36m/>[39m
              [36m<rect[39m
                [33mfill[39m=[32m"hsl(168, 76%, 90%)"[39m
                [33mheight[39m=[32m"30"[39m
                [33mrx[39m=[32m"4"[39m
                [33mstroke[39m=[32m"hsl(214, 32%, 91%)"[39m
                [33mstroke-width[39m=[32m"1"[39m
                [33mwidth[39m=[32m"30"[39m
                [33mx[39m=[32m"94"[39m
                [33my[39m=[32m"110"[39m
              [36m/>[39m
              [36m<rect[39m
                [33mfill[39m=[32m"white"[39m
                [33mheight[39m=[32m"30"[39m
                [33mrx[39m=[32m"4"[39m
                [33mstroke[39m=[32m"hsl(214, 32%, 91%)"[39m
                [33mstroke-width[39m=[32m"1"[39m
                [33mwidth[39m=[32m"30"[39m
                [33mx[39m=[32m"126"[39m
                [33my[39m=[32m"110"[39m
              [36m/>[39m
              [36m<rect[39m
                [33mfill[39m=[32m"hsl(217, 91%, 60%)"[39m
                [33mheight[39m=[32m"70"[39m
                [33mrx[39m=[32m"12"[39m
                [33mwidth[39m=[32m"56"[39m
                [33mx[39m=[32m"62"[39m
                [33my[39m=[32m"30"[39m
              [36m/>[39m
              [36m<line[3...
[90m [2mΓ¥»[22m Proxy.waitFor 
node_modules/@testing-library/dom/dist/wait-for.js:[2m163:27[22m[39m
[36m [2mΓ¥»[22m src/test/game-flow.test.tsx:[2m406:13[22m[39m
    [90m404| [39m
    [90m405| [39m      [90m// Wait for splash to exit and welcome screen 
visible[39m
    [90m406| [39m      [35mawait[39m [34mwaitFor[39m(() [33m=>[39m {
    [90m   | [39m            [31m^[39m
    [90m407| [39m        expect(screen.getByText('Think in Code. Play for 
Real.')).toBeΓÇª
    [90m408| [39m      }[33m,[39m { timeout[33m:[39m [34m3000[39m 
})[33m;[39m

[31m[2mΓÄ»ΓÄ»ΓÄ»ΓÄ»ΓÄ»ΓÄ»ΓÄ»ΓÄ»ΓÄ»ΓÄ»ΓÄ»ΓÄ»ΓÄ»ΓÄ»ΓÄ»ΓÄ»ΓÄ»ΓÄ»ΓÄ»ΓÄ»ΓÄ»ΓÄ»ΓÄ»Γ
Ä»[3/3]ΓÄ»[22m[39m

[2m Test Files [22m [1m[31m1 failed[39m[22m[2m | [22m[1m[32m1 passed[39m[22m[90m (2)[39m
[2m      Tests [22m [1m[31m3 failed[39m[22m[2m | [22m[1m[32m15 passed[39m[22m[90m (18)[39m
[2m   Start at [22m 09:21:31
[2m   Duration [22m 46.57s[2m (transform 1.35s, setup 1.79s, collect 4.13s, tests 20.92s, environment 12.36s, prepare 4.10s)[22m

